11:07:10 **** Incremental Build of configuration Debug for project LoRaWAN_End_Node ****
make -j4 all 
arm-none-eabi-size   LoRaWAN_End_Node.elf 
   text	   data	    bss	    dec	    hex	filename
  83832	    280	  11128	  95240	  17408	LoRaWAN_End_Node.elf
Finished building: default.size.stdout
 
11:07:44 **** Incremental Build of configuration Debug for project LoRaWAN_End_Node ****
make -j4 all 
arm-none-eabi-size   LoRaWAN_End_Node.elf 
   text	   data	    bss	    dec	    hex	filename
  83832	    280	  11128	  95240	  17408	LoRaWAN_End_Node.elf
Finished building: default.size.stdout
 
11:09:37 **** Incremental Build of configuration Debug for project LoRaWAN_End_Node ****
make -j4 all 
arm-none-eabi-size   LoRaWAN_End_Node.elf 
   text	   data	    bss	    dec	    hex	filename
  83832	    280	  11128	  95240	  17408	LoRaWAN_End_Node.elf
Finished building: default.size.stdout
 
11:17:36 **** Incremental Build of configuration Debug for project LoRaWAN_End_Node ****
make -j4 all 
arm-none-eabi-gcc "C:/Users/Utente/Desktop/UNIVERSITA/PROG.LOGICA/VASOINTELLIGENTE/LoRaWAN_End_Node/Core/Src/adc.c" -mcpu=cortex-m4 -std=gnu11 -g3 -DDEBUG -DCORE_CM4 -DUSE_HAL_DRIVER -DSTM32WL55xx -c -I../../Core/Inc -I"C:/Users/Utente/Desktop/UNIVERSITA/PROG.LOGICA/VASOINTELLIGENTE/LoRaWAN_End_Node/STM32CubeIDE/Application/User/Core/sensors" -I../../LoRaWAN/App -I../../LoRaWAN/Target -I../../Drivers/STM32WLxx_HAL_Driver/Inc -I../../Drivers/STM32WLxx_HAL_Driver/Inc/Legacy -I../../Utilities/trace/adv_trace -I../../Utilities/misc -I../../Utilities/sequencer -I../../Utilities/timer -I../../Utilities/lpm/tiny_lpm -I../../Middlewares/Third_Party/LoRaWAN/LmHandler/Packages -I../../Drivers/CMSIS/Device/ST/STM32WLxx/Include -I../../Middlewares/Third_Party/LoRaWAN/Crypto -I../../Middlewares/Third_Party/LoRaWAN/Mac/Region -I../../Middlewares/Third_Party/LoRaWAN/Mac -I../../Middlewares/Third_Party/LoRaWAN/LmHandler -I../../Middlewares/Third_Party/LoRaWAN/Utilities -I../../Middlewares/Third_Party/SubGHz_Phy -I../../Middlewares/Third_Party/SubGHz_Phy/stm32_radio_driver -I../../Drivers/CMSIS/Include -I../../Drivers/BSP/STM32WLxx_Nucleo -I../../X-CUBE-MEMS1/Target -I../../Drivers/BSP/Components/hts221 -Og -ffunction-sections -fdata-sections -Wall -fstack-usage -fcyclomatic-complexity -MMD -MP -MF"Application/User/Core/adc.d" -MT"Application/User/Core/adc.o" --specs=nano.specs -mfloat-abi=soft -mthumb -o "Application/User/Core/adc.o"
C:/Users/Utente/Desktop/UNIVERSITA/PROG.LOGICA/VASOINTELLIGENTE/LoRaWAN_End_Node/Core/Src/adc.c: In function 'MX_ADC_Init':
C:/Users/Utente/Desktop/UNIVERSITA/PROG.LOGICA/VASOINTELLIGENTE/LoRaWAN_End_Node/Core/Src/adc.c:60:35: error: 'ADC_SAMPLETIME_1CYCLES_5' undeclared (first use in this function); did you mean 'ADC_SAMPLETIME_7CYCLES_5'?
   60 |   hadc.Init.SamplingTimeCommon1 = ADC_SAMPLETIME_1CYCLES_5;
      |                                   ^~~~~~~~~~~~~~~~~~~~~~~~
      |                                   ADC_SAMPLETIME_7CYCLES_5
C:/Users/Utente/Desktop/UNIVERSITA/PROG.LOGICA/VASOINTELLIGENTE/LoRaWAN_End_Node/Core/Src/adc.c:60:35: note: each undeclared identifier is reported only once for each function it appears in
make: *** [Application/User/Core/subdir.mk:76: Application/User/Core/adc.o] Error 1
"make -j4 all" terminated with exit code 2. Build might be incomplete.
11:18:29 **** Incremental Build of configuration Debug for project LoRaWAN_End_Node ****
make -j4 all 
arm-none-eabi-gcc "C:/Users/Utente/Desktop/UNIVERSITA/PROG.LOGICA/VASOINTELLIGENTE/LoRaWAN_End_Node/Core/Src/adc.c" -mcpu=cortex-m4 -std=gnu11 -g3 -DDEBUG -DCORE_CM4 -DUSE_HAL_DRIVER -DSTM32WL55xx -c -I../../Core/Inc -I"C:/Users/Utente/Desktop/UNIVERSITA/PROG.LOGICA/VASOINTELLIGENTE/LoRaWAN_End_Node/STM32CubeIDE/Application/User/Core/sensors" -I../../LoRaWAN/App -I../../LoRaWAN/Target -I../../Drivers/STM32WLxx_HAL_Driver/Inc -I../../Drivers/STM32WLxx_HAL_Driver/Inc/Legacy -I../../Utilities/trace/adv_trace -I../../Utilities/misc -I../../Utilities/sequencer -I../../Utilities/timer -I../../Utilities/lpm/tiny_lpm -I../../Middlewares/Third_Party/LoRaWAN/LmHandler/Packages -I../../Drivers/CMSIS/Device/ST/STM32WLxx/Include -I../../Middlewares/Third_Party/LoRaWAN/Crypto -I../../Middlewares/Third_Party/LoRaWAN/Mac/Region -I../../Middlewares/Third_Party/LoRaWAN/Mac -I../../Middlewares/Third_Party/LoRaWAN/LmHandler -I../../Middlewares/Third_Party/LoRaWAN/Utilities -I../../Middlewares/Third_Party/SubGHz_Phy -I../../Middlewares/Third_Party/SubGHz_Phy/stm32_radio_driver -I../../Drivers/CMSIS/Include -I../../Drivers/BSP/STM32WLxx_Nucleo -I../../X-CUBE-MEMS1/Target -I../../Drivers/BSP/Components/hts221 -Og -ffunction-sections -fdata-sections -Wall -fstack-usage -fcyclomatic-complexity -MMD -MP -MF"Application/User/Core/adc.d" -MT"Application/User/Core/adc.o" --specs=nano.specs -mfloat-abi=soft -mthumb -o "Application/User/Core/adc.o"
arm-none-eabi-gcc -o "LoRaWAN_End_Node.elf" @"objects.list"   -mcpu=cortex-m4 -T"C:\Users\Utente\Desktop\UNIVERSITA\PROG.LOGICA\VASOINTELLIGENTE\LoRaWAN_End_Node\STM32CubeIDE\STM32WL55JCIX_FLASH.ld" --specs=nosys.specs -Wl,-Map="LoRaWAN_End_Node.map" -Wl,--gc-sections -static --specs=nano.specs -mfloat-abi=soft -mthumb -Wl,--start-group -lc -lm -Wl,--end-group
Finished building target: LoRaWAN_End_Node.elf
 
arm-none-eabi-size   LoRaWAN_End_Node.elf 
arm-none-eabi-objdump -h -S  LoRaWAN_End_Node.elf  > "LoRaWAN_End_Node.list"
   text	   data	    bss	    dec	    hex	filename
  83832	    280	  11128	  95240	  17408	LoRaWAN_End_Node.elf
Finished building: default.size.stdout
 
Finished building: LoRaWAN_End_Node.list
 
11:19:22 **** Incremental Build of configuration Debug for project LoRaWAN_End_Node ****
make -j4 all 
arm-none-eabi-gcc "C:/Users/Utente/Desktop/UNIVERSITA/PROG.LOGICA/VASOINTELLIGENTE/LoRaWAN_End_Node/Core/Src/adc.c" -mcpu=cortex-m4 -std=gnu11 -g3 -DDEBUG -DCORE_CM4 -DUSE_HAL_DRIVER -DSTM32WL55xx -c -I../../Core/Inc -I"C:/Users/Utente/Desktop/UNIVERSITA/PROG.LOGICA/VASOINTELLIGENTE/LoRaWAN_End_Node/STM32CubeIDE/Application/User/Core/sensors" -I../../LoRaWAN/App -I../../LoRaWAN/Target -I../../Drivers/STM32WLxx_HAL_Driver/Inc -I../../Drivers/STM32WLxx_HAL_Driver/Inc/Legacy -I../../Utilities/trace/adv_trace -I../../Utilities/misc -I../../Utilities/sequencer -I../../Utilities/timer -I../../Utilities/lpm/tiny_lpm -I../../Middlewares/Third_Party/LoRaWAN/LmHandler/Packages -I../../Drivers/CMSIS/Device/ST/STM32WLxx/Include -I../../Middlewares/Third_Party/LoRaWAN/Crypto -I../../Middlewares/Third_Party/LoRaWAN/Mac/Region -I../../Middlewares/Third_Party/LoRaWAN/Mac -I../../Middlewares/Third_Party/LoRaWAN/LmHandler -I../../Middlewares/Third_Party/LoRaWAN/Utilities -I../../Middlewares/Third_Party/SubGHz_Phy -I../../Middlewares/Third_Party/SubGHz_Phy/stm32_radio_driver -I../../Drivers/CMSIS/Include -I../../Drivers/BSP/STM32WLxx_Nucleo -I../../X-CUBE-MEMS1/Target -I../../Drivers/BSP/Components/hts221 -Og -ffunction-sections -fdata-sections -Wall -fstack-usage -fcyclomatic-complexity -MMD -MP -MF"Application/User/Core/adc.d" -MT"Application/User/Core/adc.o" --specs=nano.specs -mfloat-abi=soft -mthumb -o "Application/User/Core/adc.o"
arm-none-eabi-gcc -o "LoRaWAN_End_Node.elf" @"objects.list"   -mcpu=cortex-m4 -T"C:\Users\Utente\Desktop\UNIVERSITA\PROG.LOGICA\VASOINTELLIGENTE\LoRaWAN_End_Node\STM32CubeIDE\STM32WL55JCIX_FLASH.ld" --specs=nosys.specs -Wl,-Map="LoRaWAN_End_Node.map" -Wl,--gc-sections -static --specs=nano.specs -mfloat-abi=soft -mthumb -Wl,--start-group -lc -lm -Wl,--end-group
Finished building target: LoRaWAN_End_Node.elf
 
arm-none-eabi-size   LoRaWAN_End_Node.elf 
arm-none-eabi-objdump -h -S  LoRaWAN_End_Node.elf  > "LoRaWAN_End_Node.list"
   text	   data	    bss	    dec	    hex	filename
  83832	    280	  11128	  95240	  17408	LoRaWAN_End_Node.elf
Finished building: default.size.stdout
 
Finished building: LoRaWAN_End_Node.list
 
11:21:07 **** Incremental Build of configuration Debug for project LoRaWAN_End_Node ****
make -j4 all 
arm-none-eabi-gcc "C:/Users/Utente/Desktop/UNIVERSITA/PROG.LOGICA/VASOINTELLIGENTE/LoRaWAN_End_Node/Core/Src/main.c" -mcpu=cortex-m4 -std=gnu11 -g3 -DDEBUG -DCORE_CM4 -DUSE_HAL_DRIVER -DSTM32WL55xx -c -I../../Core/Inc -I"C:/Users/Utente/Desktop/UNIVERSITA/PROG.LOGICA/VASOINTELLIGENTE/LoRaWAN_End_Node/STM32CubeIDE/Application/User/Core/sensors" -I../../LoRaWAN/App -I../../LoRaWAN/Target -I../../Drivers/STM32WLxx_HAL_Driver/Inc -I../../Drivers/STM32WLxx_HAL_Driver/Inc/Legacy -I../../Utilities/trace/adv_trace -I../../Utilities/misc -I../../Utilities/sequencer -I../../Utilities/timer -I../../Utilities/lpm/tiny_lpm -I../../Middlewares/Third_Party/LoRaWAN/LmHandler/Packages -I../../Drivers/CMSIS/Device/ST/STM32WLxx/Include -I../../Middlewares/Third_Party/LoRaWAN/Crypto -I../../Middlewares/Third_Party/LoRaWAN/Mac/Region -I../../Middlewares/Third_Party/LoRaWAN/Mac -I../../Middlewares/Third_Party/LoRaWAN/LmHandler -I../../Middlewares/Third_Party/LoRaWAN/Utilities -I../../Middlewares/Third_Party/SubGHz_Phy -I../../Middlewares/Third_Party/SubGHz_Phy/stm32_radio_driver -I../../Drivers/CMSIS/Include -I../../Drivers/BSP/STM32WLxx_Nucleo -I../../X-CUBE-MEMS1/Target -I../../Drivers/BSP/Components/hts221 -Og -ffunction-sections -fdata-sections -Wall -fstack-usage -fcyclomatic-complexity -MMD -MP -MF"Application/User/Core/main.d" -MT"Application/User/Core/main.o" --specs=nano.specs -mfloat-abi=soft -mthumb -o "Application/User/Core/main.o"
arm-none-eabi-gcc -o "LoRaWAN_End_Node.elf" @"objects.list"   -mcpu=cortex-m4 -T"C:\Users\Utente\Desktop\UNIVERSITA\PROG.LOGICA\VASOINTELLIGENTE\LoRaWAN_End_Node\STM32CubeIDE\STM32WL55JCIX_FLASH.ld" --specs=nosys.specs -Wl,-Map="LoRaWAN_End_Node.map" -Wl,--gc-sections -static --specs=nano.specs -mfloat-abi=soft -mthumb -Wl,--start-group -lc -lm -Wl,--end-group
Finished building target: LoRaWAN_End_Node.elf
 
arm-none-eabi-size   LoRaWAN_End_Node.elf 
arm-none-eabi-objdump -h -S  LoRaWAN_End_Node.elf  > "LoRaWAN_End_Node.list"
   text	   data	    bss	    dec	    hex	filename
  83840	    280	  11128	  95248	  17410	LoRaWAN_End_Node.elf
Finished building: default.size.stdout
 
Finished building: LoRaWAN_End_Node.list
 
11:22:21 **** Incremental Build of configuration Debug for project LoRaWAN_End_Node ****
make -j4 all 
arm-none-eabi-gcc "C:/Users/Utente/Desktop/UNIVERSITA/PROG.LOGICA/VASOINTELLIGENTE/LoRaWAN_End_Node/Core/Src/main.c" -mcpu=cortex-m4 -std=gnu11 -g3 -DDEBUG -DCORE_CM4 -DUSE_HAL_DRIVER -DSTM32WL55xx -c -I../../Core/Inc -I"C:/Users/Utente/Desktop/UNIVERSITA/PROG.LOGICA/VASOINTELLIGENTE/LoRaWAN_End_Node/STM32CubeIDE/Application/User/Core/sensors" -I../../LoRaWAN/App -I../../LoRaWAN/Target -I../../Drivers/STM32WLxx_HAL_Driver/Inc -I../../Drivers/STM32WLxx_HAL_Driver/Inc/Legacy -I../../Utilities/trace/adv_trace -I../../Utilities/misc -I../../Utilities/sequencer -I../../Utilities/timer -I../../Utilities/lpm/tiny_lpm -I../../Middlewares/Third_Party/LoRaWAN/LmHandler/Packages -I../../Drivers/CMSIS/Device/ST/STM32WLxx/Include -I../../Middlewares/Third_Party/LoRaWAN/Crypto -I../../Middlewares/Third_Party/LoRaWAN/Mac/Region -I../../Middlewares/Third_Party/LoRaWAN/Mac -I../../Middlewares/Third_Party/LoRaWAN/LmHandler -I../../Middlewares/Third_Party/LoRaWAN/Utilities -I../../Middlewares/Third_Party/SubGHz_Phy -I../../Middlewares/Third_Party/SubGHz_Phy/stm32_radio_driver -I../../Drivers/CMSIS/Include -I../../Drivers/BSP/STM32WLxx_Nucleo -I../../X-CUBE-MEMS1/Target -I../../Drivers/BSP/Components/hts221 -Og -ffunction-sections -fdata-sections -Wall -fstack-usage -fcyclomatic-complexity -MMD -MP -MF"Application/User/Core/main.d" -MT"Application/User/Core/main.o" --specs=nano.specs -mfloat-abi=soft -mthumb -o "Application/User/Core/main.o"
arm-none-eabi-gcc -o "LoRaWAN_End_Node.elf" @"objects.list"   -mcpu=cortex-m4 -T"C:\Users\Utente\Desktop\UNIVERSITA\PROG.LOGICA\VASOINTELLIGENTE\LoRaWAN_End_Node\STM32CubeIDE\STM32WL55JCIX_FLASH.ld" --specs=nosys.specs -Wl,-Map="LoRaWAN_End_Node.map" -Wl,--gc-sections -static --specs=nano.specs -mfloat-abi=soft -mthumb -Wl,--start-group -lc -lm -Wl,--end-group
Finished building target: LoRaWAN_End_Node.elf
 
arm-none-eabi-size   LoRaWAN_End_Node.elf 
arm-none-eabi-objdump -h -S  LoRaWAN_End_Node.elf  > "LoRaWAN_End_Node.list"
   text	   data	    bss	    dec	    hex	filename
  83832	    280	  11128	  95240	  17408	LoRaWAN_End_Node.elf
Finished building: default.size.stdout
 
Finished building: LoRaWAN_End_Node.list
 
11:25:04 **** Incremental Build of configuration Debug for project LoRaWAN_End_Node ****
make -j4 all 
arm-none-eabi-gcc "C:/Users/Utente/Desktop/UNIVERSITA/PROG.LOGICA/VASOINTELLIGENTE/LoRaWAN_End_Node/Core/Src/main.c" -mcpu=cortex-m4 -std=gnu11 -g3 -DDEBUG -DCORE_CM4 -DUSE_HAL_DRIVER -DSTM32WL55xx -c -I../../Core/Inc -I"C:/Users/Utente/Desktop/UNIVERSITA/PROG.LOGICA/VASOINTELLIGENTE/LoRaWAN_End_Node/STM32CubeIDE/Application/User/Core/sensors" -I../../LoRaWAN/App -I../../LoRaWAN/Target -I../../Drivers/STM32WLxx_HAL_Driver/Inc -I../../Drivers/STM32WLxx_HAL_Driver/Inc/Legacy -I../../Utilities/trace/adv_trace -I../../Utilities/misc -I../../Utilities/sequencer -I../../Utilities/timer -I../../Utilities/lpm/tiny_lpm -I../../Middlewares/Third_Party/LoRaWAN/LmHandler/Packages -I../../Drivers/CMSIS/Device/ST/STM32WLxx/Include -I../../Middlewares/Third_Party/LoRaWAN/Crypto -I../../Middlewares/Third_Party/LoRaWAN/Mac/Region -I../../Middlewares/Third_Party/LoRaWAN/Mac -I../../Middlewares/Third_Party/LoRaWAN/LmHandler -I../../Middlewares/Third_Party/LoRaWAN/Utilities -I../../Middlewares/Third_Party/SubGHz_Phy -I../../Middlewares/Third_Party/SubGHz_Phy/stm32_radio_driver -I../../Drivers/CMSIS/Include -I../../Drivers/BSP/STM32WLxx_Nucleo -I../../X-CUBE-MEMS1/Target -I../../Drivers/BSP/Components/hts221 -Og -ffunction-sections -fdata-sections -Wall -fstack-usage -fcyclomatic-complexity -MMD -MP -MF"Application/User/Core/main.d" -MT"Application/User/Core/main.o" --specs=nano.specs -mfloat-abi=soft -mthumb -o "Application/User/Core/main.o"
arm-none-eabi-gcc -o "LoRaWAN_End_Node.elf" @"objects.list"   -mcpu=cortex-m4 -T"C:\Users\Utente\Desktop\UNIVERSITA\PROG.LOGICA\VASOINTELLIGENTE\LoRaWAN_End_Node\STM32CubeIDE\STM32WL55JCIX_FLASH.ld" --specs=nosys.specs -Wl,-Map="LoRaWAN_End_Node.map" -Wl,--gc-sections -static --specs=nano.specs -mfloat-abi=soft -mthumb -Wl,--start-group -lc -lm -Wl,--end-group
Finished building target: LoRaWAN_End_Node.elf
 
arm-none-eabi-size   LoRaWAN_End_Node.elf 
arm-none-eabi-objdump -h -S  LoRaWAN_End_Node.elf  > "LoRaWAN_End_Node.list"
   text	   data	    bss	    dec	    hex	filename
  83832	    280	  11128	  95240	  17408	LoRaWAN_End_Node.elf
Finished building: default.size.stdout
 
Finished building: LoRaWAN_End_Node.list
 
11:25:56 **** Incremental Build of configuration Debug for project LoRaWAN_End_Node ****
make -j4 all 
arm-none-eabi-gcc "C:/Users/Utente/Desktop/UNIVERSITA/PROG.LOGICA/VASOINTELLIGENTE/LoRaWAN_End_Node/Core/Src/main.c" -mcpu=cortex-m4 -std=gnu11 -g3 -DDEBUG -DCORE_CM4 -DUSE_HAL_DRIVER -DSTM32WL55xx -c -I../../Core/Inc -I"C:/Users/Utente/Desktop/UNIVERSITA/PROG.LOGICA/VASOINTELLIGENTE/LoRaWAN_End_Node/STM32CubeIDE/Application/User/Core/sensors" -I../../LoRaWAN/App -I../../LoRaWAN/Target -I../../Drivers/STM32WLxx_HAL_Driver/Inc -I../../Drivers/STM32WLxx_HAL_Driver/Inc/Legacy -I../../Utilities/trace/adv_trace -I../../Utilities/misc -I../../Utilities/sequencer -I../../Utilities/timer -I../../Utilities/lpm/tiny_lpm -I../../Middlewares/Third_Party/LoRaWAN/LmHandler/Packages -I../../Drivers/CMSIS/Device/ST/STM32WLxx/Include -I../../Middlewares/Third_Party/LoRaWAN/Crypto -I../../Middlewares/Third_Party/LoRaWAN/Mac/Region -I../../Middlewares/Third_Party/LoRaWAN/Mac -I../../Middlewares/Third_Party/LoRaWAN/LmHandler -I../../Middlewares/Third_Party/LoRaWAN/Utilities -I../../Middlewares/Third_Party/SubGHz_Phy -I../../Middlewares/Third_Party/SubGHz_Phy/stm32_radio_driver -I../../Drivers/CMSIS/Include -I../../Drivers/BSP/STM32WLxx_Nucleo -I../../X-CUBE-MEMS1/Target -I../../Drivers/BSP/Components/hts221 -Og -ffunction-sections -fdata-sections -Wall -fstack-usage -fcyclomatic-complexity -MMD -MP -MF"Application/User/Core/main.d" -MT"Application/User/Core/main.o" --specs=nano.specs -mfloat-abi=soft -mthumb -o "Application/User/Core/main.o"
arm-none-eabi-gcc -o "LoRaWAN_End_Node.elf" @"objects.list"   -mcpu=cortex-m4 -T"C:\Users\Utente\Desktop\UNIVERSITA\PROG.LOGICA\VASOINTELLIGENTE\LoRaWAN_End_Node\STM32CubeIDE\STM32WL55JCIX_FLASH.ld" --specs=nosys.specs -Wl,-Map="LoRaWAN_End_Node.map" -Wl,--gc-sections -static --specs=nano.specs -mfloat-abi=soft -mthumb -Wl,--start-group -lc -lm -Wl,--end-group
Finished building target: LoRaWAN_End_Node.elf
 
arm-none-eabi-size   LoRaWAN_End_Node.elf 
arm-none-eabi-objdump -h -S  LoRaWAN_End_Node.elf  > "LoRaWAN_End_Node.list"
   text	   data	    bss	    dec	    hex	filename
  83848	    280	  11128	  95256	  17418	LoRaWAN_End_Node.elf
Finished building: default.size.stdout
 
Finished building: LoRaWAN_End_Node.list
 
11:26:50 **** Incremental Build of configuration Debug for project LoRaWAN_End_Node ****
make -j4 all 
arm-none-eabi-gcc "C:/Users/Utente/Desktop/UNIVERSITA/PROG.LOGICA/VASOINTELLIGENTE/LoRaWAN_End_Node/Core/Src/sys_sensors.c" -mcpu=cortex-m4 -std=gnu11 -g3 -DDEBUG -DCORE_CM4 -DUSE_HAL_DRIVER -DSTM32WL55xx -c -I../../Core/Inc -I"C:/Users/Utente/Desktop/UNIVERSITA/PROG.LOGICA/VASOINTELLIGENTE/LoRaWAN_End_Node/STM32CubeIDE/Application/User/Core/sensors" -I../../LoRaWAN/App -I../../LoRaWAN/Target -I../../Drivers/STM32WLxx_HAL_Driver/Inc -I../../Drivers/STM32WLxx_HAL_Driver/Inc/Legacy -I../../Utilities/trace/adv_trace -I../../Utilities/misc -I../../Utilities/sequencer -I../../Utilities/timer -I../../Utilities/lpm/tiny_lpm -I../../Middlewares/Third_Party/LoRaWAN/LmHandler/Packages -I../../Drivers/CMSIS/Device/ST/STM32WLxx/Include -I../../Middlewares/Third_Party/LoRaWAN/Crypto -I../../Middlewares/Third_Party/LoRaWAN/Mac/Region -I../../Middlewares/Third_Party/LoRaWAN/Mac -I../../Middlewares/Third_Party/LoRaWAN/LmHandler -I../../Middlewares/Third_Party/LoRaWAN/Utilities -I../../Middlewares/Third_Party/SubGHz_Phy -I../../Middlewares/Third_Party/SubGHz_Phy/stm32_radio_driver -I../../Drivers/CMSIS/Include -I../../Drivers/BSP/STM32WLxx_Nucleo -I../../X-CUBE-MEMS1/Target -I../../Drivers/BSP/Components/hts221 -Og -ffunction-sections -fdata-sections -Wall -fstack-usage -fcyclomatic-complexity -MMD -MP -MF"Application/User/Core/sys_sensors.d" -MT"Application/User/Core/sys_sensors.o" --specs=nano.specs -mfloat-abi=soft -mthumb -o "Application/User/Core/sys_sensors.o"
arm-none-eabi-gcc -o "LoRaWAN_End_Node.elf" @"objects.list"   -mcpu=cortex-m4 -T"C:\Users\Utente\Desktop\UNIVERSITA\PROG.LOGICA\VASOINTELLIGENTE\LoRaWAN_End_Node\STM32CubeIDE\STM32WL55JCIX_FLASH.ld" --specs=nosys.specs -Wl,-Map="LoRaWAN_End_Node.map" -Wl,--gc-sections -static --specs=nano.specs -mfloat-abi=soft -mthumb -Wl,--start-group -lc -lm -Wl,--end-group
Finished building target: LoRaWAN_End_Node.elf
 
arm-none-eabi-size   LoRaWAN_End_Node.elf 
arm-none-eabi-objdump -h -S  LoRaWAN_End_Node.elf  > "LoRaWAN_End_Node.list"
   text	   data	    bss	    dec	    hex	filename
  83856	    280	  11128	  95264	  17420	LoRaWAN_End_Node.elf
Finished building: default.size.stdout
 
Finished building: LoRaWAN_End_Node.list
 
11:27:08 **** Incremental Build of configuration Debug for project LoRaWAN_End_Node ****
make -j4 all 
arm-none-eabi-gcc "C:/Users/Utente/Desktop/UNIVERSITA/PROG.LOGICA/VASOINTELLIGENTE/LoRaWAN_End_Node/Core/Src/sys_sensors.c" -mcpu=cortex-m4 -std=gnu11 -g3 -DDEBUG -DCORE_CM4 -DUSE_HAL_DRIVER -DSTM32WL55xx -c -I../../Core/Inc -I"C:/Users/Utente/Desktop/UNIVERSITA/PROG.LOGICA/VASOINTELLIGENTE/LoRaWAN_End_Node/STM32CubeIDE/Application/User/Core/sensors" -I../../LoRaWAN/App -I../../LoRaWAN/Target -I../../Drivers/STM32WLxx_HAL_Driver/Inc -I../../Drivers/STM32WLxx_HAL_Driver/Inc/Legacy -I../../Utilities/trace/adv_trace -I../../Utilities/misc -I../../Utilities/sequencer -I../../Utilities/timer -I../../Utilities/lpm/tiny_lpm -I../../Middlewares/Third_Party/LoRaWAN/LmHandler/Packages -I../../Drivers/CMSIS/Device/ST/STM32WLxx/Include -I../../Middlewares/Third_Party/LoRaWAN/Crypto -I../../Middlewares/Third_Party/LoRaWAN/Mac/Region -I../../Middlewares/Third_Party/LoRaWAN/Mac -I../../Middlewares/Third_Party/LoRaWAN/LmHandler -I../../Middlewares/Third_Party/LoRaWAN/Utilities -I../../Middlewares/Third_Party/SubGHz_Phy -I../../Middlewares/Third_Party/SubGHz_Phy/stm32_radio_driver -I../../Drivers/CMSIS/Include -I../../Drivers/BSP/STM32WLxx_Nucleo -I../../X-CUBE-MEMS1/Target -I../../Drivers/BSP/Components/hts221 -Og -ffunction-sections -fdata-sections -Wall -fstack-usage -fcyclomatic-complexity -MMD -MP -MF"Application/User/Core/sys_sensors.d" -MT"Application/User/Core/sys_sensors.o" --specs=nano.specs -mfloat-abi=soft -mthumb -o "Application/User/Core/sys_sensors.o"
arm-none-eabi-gcc -o "LoRaWAN_End_Node.elf" @"objects.list"   -mcpu=cortex-m4 -T"C:\Users\Utente\Desktop\UNIVERSITA\PROG.LOGICA\VASOINTELLIGENTE\LoRaWAN_End_Node\STM32CubeIDE\STM32WL55JCIX_FLASH.ld" --specs=nosys.specs -Wl,-Map="LoRaWAN_End_Node.map" -Wl,--gc-sections -static --specs=nano.specs -mfloat-abi=soft -mthumb -Wl,--start-group -lc -lm -Wl,--end-group
Finished building target: LoRaWAN_End_Node.elf
 
arm-none-eabi-size   LoRaWAN_End_Node.elf 
arm-none-eabi-objdump -h -S  LoRaWAN_End_Node.elf  > "LoRaWAN_End_Node.list"
   text	   data	    bss	    dec	    hex	filename
  83904	    280	  11128	  95312	  17450	LoRaWAN_End_Node.elf
Finished building: default.size.stdout
 
Finished building: LoRaWAN_End_Node.list
 
11:48:21 **** Incremental Build of configuration Debug for project LoRaWAN_End_Node ****
make -j4 all 
arm-none-eabi-gcc "../Application/User/Core/sensors/drv_hts221.c" -mcpu=cortex-m4 -std=gnu11 -g3 -DDEBUG -DCORE_CM4 -DUSE_HAL_DRIVER -DSTM32WL55xx -c -I../../Core/Inc -I"C:/Users/Utente/Desktop/UNIVERSITA/PROG.LOGICA/VASOINTELLIGENTE/LoRaWAN_End_Node/STM32CubeIDE/Application/User/Core/sensors" -I../../LoRaWAN/App -I../../LoRaWAN/Target -I../../Drivers/STM32WLxx_HAL_Driver/Inc -I../../Drivers/STM32WLxx_HAL_Driver/Inc/Legacy -I../../Utilities/trace/adv_trace -I../../Utilities/misc -I../../Utilities/sequencer -I../../Utilities/timer -I../../Utilities/lpm/tiny_lpm -I../../Middlewares/Third_Party/LoRaWAN/LmHandler/Packages -I../../Drivers/CMSIS/Device/ST/STM32WLxx/Include -I../../Middlewares/Third_Party/LoRaWAN/Crypto -I../../Middlewares/Third_Party/LoRaWAN/Mac/Region -I../../Middlewares/Third_Party/LoRaWAN/Mac -I../../Middlewares/Third_Party/LoRaWAN/LmHandler -I../../Middlewares/Third_Party/LoRaWAN/Utilities -I../../Middlewares/Third_Party/SubGHz_Phy -I../../Middlewares/Third_Party/SubGHz_Phy/stm32_radio_driver -I../../Drivers/CMSIS/Include -I../../Drivers/BSP/STM32WLxx_Nucleo -I../../X-CUBE-MEMS1/Target -I../../Drivers/BSP/Components/hts221 -Og -ffunction-sections -fdata-sections -Wall -fstack-usage -fcyclomatic-complexity -MMD -MP -MF"Application/User/Core/sensors/drv_hts221.d" -MT"Application/User/Core/sensors/drv_hts221.o" --specs=nano.specs -mfloat-abi=soft -mthumb -o "Application/User/Core/sensors/drv_hts221.o"
arm-none-eabi-gcc "../Application/User/Core/sensors/drv_light.c" -mcpu=cortex-m4 -std=gnu11 -g3 -DDEBUG -DCORE_CM4 -DUSE_HAL_DRIVER -DSTM32WL55xx -c -I../../Core/Inc -I"C:/Users/Utente/Desktop/UNIVERSITA/PROG.LOGICA/VASOINTELLIGENTE/LoRaWAN_End_Node/STM32CubeIDE/Application/User/Core/sensors" -I../../LoRaWAN/App -I../../LoRaWAN/Target -I../../Drivers/STM32WLxx_HAL_Driver/Inc -I../../Drivers/STM32WLxx_HAL_Driver/Inc/Legacy -I../../Utilities/trace/adv_trace -I../../Utilities/misc -I../../Utilities/sequencer -I../../Utilities/timer -I../../Utilities/lpm/tiny_lpm -I../../Middlewares/Third_Party/LoRaWAN/LmHandler/Packages -I../../Drivers/CMSIS/Device/ST/STM32WLxx/Include -I../../Middlewares/Third_Party/LoRaWAN/Crypto -I../../Middlewares/Third_Party/LoRaWAN/Mac/Region -I../../Middlewares/Third_Party/LoRaWAN/Mac -I../../Middlewares/Third_Party/LoRaWAN/LmHandler -I../../Middlewares/Third_Party/LoRaWAN/Utilities -I../../Middlewares/Third_Party/SubGHz_Phy -I../../Middlewares/Third_Party/SubGHz_Phy/stm32_radio_driver -I../../Drivers/CMSIS/Include -I../../Drivers/BSP/STM32WLxx_Nucleo -I../../X-CUBE-MEMS1/Target -I../../Drivers/BSP/Components/hts221 -Og -ffunction-sections -fdata-sections -Wall -fstack-usage -fcyclomatic-complexity -MMD -MP -MF"Application/User/Core/sensors/drv_light.d" -MT"Application/User/Core/sensors/drv_light.o" --specs=nano.specs -mfloat-abi=soft -mthumb -o "Application/User/Core/sensors/drv_light.o"
arm-none-eabi-gcc "../Application/User/Core/sensors/drv_terrain_umi.c" -mcpu=cortex-m4 -std=gnu11 -g3 -DDEBUG -DCORE_CM4 -DUSE_HAL_DRIVER -DSTM32WL55xx -c -I../../Core/Inc -I"C:/Users/Utente/Desktop/UNIVERSITA/PROG.LOGICA/VASOINTELLIGENTE/LoRaWAN_End_Node/STM32CubeIDE/Application/User/Core/sensors" -I../../LoRaWAN/App -I../../LoRaWAN/Target -I../../Drivers/STM32WLxx_HAL_Driver/Inc -I../../Drivers/STM32WLxx_HAL_Driver/Inc/Legacy -I../../Utilities/trace/adv_trace -I../../Utilities/misc -I../../Utilities/sequencer -I../../Utilities/timer -I../../Utilities/lpm/tiny_lpm -I../../Middlewares/Third_Party/LoRaWAN/LmHandler/Packages -I../../Drivers/CMSIS/Device/ST/STM32WLxx/Include -I../../Middlewares/Third_Party/LoRaWAN/Crypto -I../../Middlewares/Third_Party/LoRaWAN/Mac/Region -I../../Middlewares/Third_Party/LoRaWAN/Mac -I../../Middlewares/Third_Party/LoRaWAN/LmHandler -I../../Middlewares/Third_Party/LoRaWAN/Utilities -I../../Middlewares/Third_Party/SubGHz_Phy -I../../Middlewares/Third_Party/SubGHz_Phy/stm32_radio_driver -I../../Drivers/CMSIS/Include -I../../Drivers/BSP/STM32WLxx_Nucleo -I../../X-CUBE-MEMS1/Target -I../../Drivers/BSP/Components/hts221 -Og -ffunction-sections -fdata-sections -Wall -fstack-usage -fcyclomatic-complexity -MMD -MP -MF"Application/User/Core/sensors/drv_terrain_umi.d" -MT"Application/User/Core/sensors/drv_terrain_umi.o" --specs=nano.specs -mfloat-abi=soft -mthumb -o "Application/User/Core/sensors/drv_terrain_umi.o"
arm-none-eabi-gcc "C:/Users/Utente/Desktop/UNIVERSITA/PROG.LOGICA/VASOINTELLIGENTE/LoRaWAN_End_Node/Core/Src/main.c" -mcpu=cortex-m4 -std=gnu11 -g3 -DDEBUG -DCORE_CM4 -DUSE_HAL_DRIVER -DSTM32WL55xx -c -I../../Core/Inc -I"C:/Users/Utente/Desktop/UNIVERSITA/PROG.LOGICA/VASOINTELLIGENTE/LoRaWAN_End_Node/STM32CubeIDE/Application/User/Core/sensors" -I../../LoRaWAN/App -I../../LoRaWAN/Target -I../../Drivers/STM32WLxx_HAL_Driver/Inc -I../../Drivers/STM32WLxx_HAL_Driver/Inc/Legacy -I../../Utilities/trace/adv_trace -I../../Utilities/misc -I../../Utilities/sequencer -I../../Utilities/timer -I../../Utilities/lpm/tiny_lpm -I../../Middlewares/Third_Party/LoRaWAN/LmHandler/Packages -I../../Drivers/CMSIS/Device/ST/STM32WLxx/Include -I../../Middlewares/Third_Party/LoRaWAN/Crypto -I../../Middlewares/Third_Party/LoRaWAN/Mac/Region -I../../Middlewares/Third_Party/LoRaWAN/Mac -I../../Middlewares/Third_Party/LoRaWAN/LmHandler -I../../Middlewares/Third_Party/LoRaWAN/Utilities -I../../Middlewares/Third_Party/SubGHz_Phy -I../../Middlewares/Third_Party/SubGHz_Phy/stm32_radio_driver -I../../Drivers/CMSIS/Include -I../../Drivers/BSP/STM32WLxx_Nucleo -I../../X-CUBE-MEMS1/Target -I../../Drivers/BSP/Components/hts221 -Og -ffunction-sections -fdata-sections -Wall -fstack-usage -fcyclomatic-complexity -MMD -MP -MF"Application/User/Core/main.d" -MT"Application/User/Core/main.o" --specs=nano.specs -mfloat-abi=soft -mthumb -o "Application/User/Core/main.o"
../Application/User/Core/sensors/drv_light.c: In function 'drv_Light_Enable':
../Application/User/Core/sensors/drv_light.c:25:27: warning: variable 'ret' set but not used [-Wunused-but-set-variable]
   25 |         HAL_StatusTypeDef ret;
      |                           ^~~
../Application/User/Core/sensors/drv_light.c:30:1: warning: control reaches end of non-void function [-Wreturn-type]
   30 | }
      | ^
arm-none-eabi-gcc "C:/Users/Utente/Desktop/UNIVERSITA/PROG.LOGICA/VASOINTELLIGENTE/LoRaWAN_End_Node/Core/Src/sys_sensors.c" -mcpu=cortex-m4 -std=gnu11 -g3 -DDEBUG -DCORE_CM4 -DUSE_HAL_DRIVER -DSTM32WL55xx -c -I../../Core/Inc -I"C:/Users/Utente/Desktop/UNIVERSITA/PROG.LOGICA/VASOINTELLIGENTE/LoRaWAN_End_Node/STM32CubeIDE/Application/User/Core/sensors" -I../../LoRaWAN/App -I../../LoRaWAN/Target -I../../Drivers/STM32WLxx_HAL_Driver/Inc -I../../Drivers/STM32WLxx_HAL_Driver/Inc/Legacy -I../../Utilities/trace/adv_trace -I../../Utilities/misc -I../../Utilities/sequencer -I../../Utilities/timer -I../../Utilities/lpm/tiny_lpm -I../../Middlewares/Third_Party/LoRaWAN/LmHandler/Packages -I../../Drivers/CMSIS/Device/ST/STM32WLxx/Include -I../../Middlewares/Third_Party/LoRaWAN/Crypto -I../../Middlewares/Third_Party/LoRaWAN/Mac/Region -I../../Middlewares/Third_Party/LoRaWAN/Mac -I../../Middlewares/Third_Party/LoRaWAN/LmHandler -I../../Middlewares/Third_Party/LoRaWAN/Utilities -I../../Middlewares/Third_Party/SubGHz_Phy -I../../Middlewares/Third_Party/SubGHz_Phy/stm32_radio_driver -I../../Drivers/CMSIS/Include -I../../Drivers/BSP/STM32WLxx_Nucleo -I../../X-CUBE-MEMS1/Target -I../../Drivers/BSP/Components/hts221 -Og -ffunction-sections -fdata-sections -Wall -fstack-usage -fcyclomatic-complexity -MMD -MP -MF"Application/User/Core/sys_sensors.d" -MT"Application/User/Core/sys_sensors.o" --specs=nano.specs -mfloat-abi=soft -mthumb -o "Application/User/Core/sys_sensors.o"
C:/Users/Utente/Desktop/UNIVERSITA/PROG.LOGICA/VASOINTELLIGENTE/LoRaWAN_End_Node/Core/Src/sys_sensors.c: In function 'EnvSensors_Read':
C:/Users/Utente/Desktop/UNIVERSITA/PROG.LOGICA/VASOINTELLIGENTE/LoRaWAN_End_Node/Core/Src/sys_sensors.c:165:28: warning: implicit declaration of function 'drv_terrain_humi_Read' [-Wimplicit-function-declaration]
  165 |   TERRAIN_HUMIDITY_Value = drv_terrain_humi_Read();
      |                            ^~~~~~~~~~~~~~~~~~~~~
arm-none-eabi-gcc -o "LoRaWAN_End_Node.elf" @"objects.list"   -mcpu=cortex-m4 -T"C:\Users\Utente\Desktop\UNIVERSITA\PROG.LOGICA\VASOINTELLIGENTE\LoRaWAN_End_Node\STM32CubeIDE\STM32WL55JCIX_FLASH.ld" --specs=nosys.specs -Wl,-Map="LoRaWAN_End_Node.map" -Wl,--gc-sections -static --specs=nano.specs -mfloat-abi=soft -mthumb -Wl,--start-group -lc -lm -Wl,--end-group
Finished building target: LoRaWAN_End_Node.elf
 
arm-none-eabi-size   LoRaWAN_End_Node.elf 
arm-none-eabi-objdump -h -S  LoRaWAN_End_Node.elf  > "LoRaWAN_End_Node.list"
   text	   data	    bss	    dec	    hex	filename
  83920	    280	  11232	  95432	  174c8	LoRaWAN_End_Node.elf
Finished building: default.size.stdout
 
Finished building: LoRaWAN_End_Node.list
 
11:48:59 **** Incremental Build of configuration Debug for project LoRaWAN_End_Node ****
make -j4 all 
arm-none-eabi-gcc "C:/Users/Utente/Desktop/UNIVERSITA/PROG.LOGICA/VASOINTELLIGENTE/LoRaWAN_End_Node/Core/Src/sys_sensors.c" -mcpu=cortex-m4 -std=gnu11 -g3 -DDEBUG -DCORE_CM4 -DUSE_HAL_DRIVER -DSTM32WL55xx -c -I../../Core/Inc -I"C:/Users/Utente/Desktop/UNIVERSITA/PROG.LOGICA/VASOINTELLIGENTE/LoRaWAN_End_Node/STM32CubeIDE/Application/User/Core/sensors" -I../../LoRaWAN/App -I../../LoRaWAN/Target -I../../Drivers/STM32WLxx_HAL_Driver/Inc -I../../Drivers/STM32WLxx_HAL_Driver/Inc/Legacy -I../../Utilities/trace/adv_trace -I../../Utilities/misc -I../../Utilities/sequencer -I../../Utilities/timer -I../../Utilities/lpm/tiny_lpm -I../../Middlewares/Third_Party/LoRaWAN/LmHandler/Packages -I../../Drivers/CMSIS/Device/ST/STM32WLxx/Include -I../../Middlewares/Third_Party/LoRaWAN/Crypto -I../../Middlewares/Third_Party/LoRaWAN/Mac/Region -I../../Middlewares/Third_Party/LoRaWAN/Mac -I../../Middlewares/Third_Party/LoRaWAN/LmHandler -I../../Middlewares/Third_Party/LoRaWAN/Utilities -I../../Middlewares/Third_Party/SubGHz_Phy -I../../Middlewares/Third_Party/SubGHz_Phy/stm32_radio_driver -I../../Drivers/CMSIS/Include -I../../Drivers/BSP/STM32WLxx_Nucleo -I../../X-CUBE-MEMS1/Target -I../../Drivers/BSP/Components/hts221 -Og -ffunction-sections -fdata-sections -Wall -fstack-usage -fcyclomatic-complexity -MMD -MP -MF"Application/User/Core/sys_sensors.d" -MT"Application/User/Core/sys_sensors.o" --specs=nano.specs -mfloat-abi=soft -mthumb -o "Application/User/Core/sys_sensors.o"
arm-none-eabi-gcc -o "LoRaWAN_End_Node.elf" @"objects.list"   -mcpu=cortex-m4 -T"C:\Users\Utente\Desktop\UNIVERSITA\PROG.LOGICA\VASOINTELLIGENTE\LoRaWAN_End_Node\STM32CubeIDE\STM32WL55JCIX_FLASH.ld" --specs=nosys.specs -Wl,-Map="LoRaWAN_End_Node.map" -Wl,--gc-sections -static --specs=nano.specs -mfloat-abi=soft -mthumb -Wl,--start-group -lc -lm -Wl,--end-group
Finished building target: LoRaWAN_End_Node.elf
 
arm-none-eabi-size   LoRaWAN_End_Node.elf 
arm-none-eabi-objdump -h -S  LoRaWAN_End_Node.elf  > "LoRaWAN_End_Node.list"
   text	   data	    bss	    dec	    hex	filename
  83920	    280	  11232	  95432	  174c8	LoRaWAN_End_Node.elf
Finished building: default.size.stdout
 
Finished building: LoRaWAN_End_Node.list
 
11:52:45 **** Incremental Build of configuration Debug for project LoRaWAN_End_Node ****
make -j4 all 
arm-none-eabi-gcc "../Application/User/Core/sensors/drv_terrain_umi.c" -mcpu=cortex-m4 -std=gnu11 -g3 -DDEBUG -DCORE_CM4 -DUSE_HAL_DRIVER -DSTM32WL55xx -c -I../../Core/Inc -I"C:/Users/Utente/Desktop/UNIVERSITA/PROG.LOGICA/VASOINTELLIGENTE/LoRaWAN_End_Node/STM32CubeIDE/Application/User/Core/sensors" -I../../LoRaWAN/App -I../../LoRaWAN/Target -I../../Drivers/STM32WLxx_HAL_Driver/Inc -I../../Drivers/STM32WLxx_HAL_Driver/Inc/Legacy -I../../Utilities/trace/adv_trace -I../../Utilities/misc -I../../Utilities/sequencer -I../../Utilities/timer -I../../Utilities/lpm/tiny_lpm -I../../Middlewares/Third_Party/LoRaWAN/LmHandler/Packages -I../../Drivers/CMSIS/Device/ST/STM32WLxx/Include -I../../Middlewares/Third_Party/LoRaWAN/Crypto -I../../Middlewares/Third_Party/LoRaWAN/Mac/Region -I../../Middlewares/Third_Party/LoRaWAN/Mac -I../../Middlewares/Third_Party/LoRaWAN/LmHandler -I../../Middlewares/Third_Party/LoRaWAN/Utilities -I../../Middlewares/Third_Party/SubGHz_Phy -I../../Middlewares/Third_Party/SubGHz_Phy/stm32_radio_driver -I../../Drivers/CMSIS/Include -I../../Drivers/BSP/STM32WLxx_Nucleo -I../../X-CUBE-MEMS1/Target -I../../Drivers/BSP/Components/hts221 -Og -ffunction-sections -fdata-sections -Wall -fstack-usage -fcyclomatic-complexity -MMD -MP -MF"Application/User/Core/sensors/drv_terrain_umi.d" -MT"Application/User/Core/sensors/drv_terrain_umi.o" --specs=nano.specs -mfloat-abi=soft -mthumb -o "Application/User/Core/sensors/drv_terrain_umi.o"
arm-none-eabi-gcc "C:/Users/Utente/Desktop/UNIVERSITA/PROG.LOGICA/VASOINTELLIGENTE/LoRaWAN_End_Node/Core/Src/main.c" -mcpu=cortex-m4 -std=gnu11 -g3 -DDEBUG -DCORE_CM4 -DUSE_HAL_DRIVER -DSTM32WL55xx -c -I../../Core/Inc -I"C:/Users/Utente/Desktop/UNIVERSITA/PROG.LOGICA/VASOINTELLIGENTE/LoRaWAN_End_Node/STM32CubeIDE/Application/User/Core/sensors" -I../../LoRaWAN/App -I../../LoRaWAN/Target -I../../Drivers/STM32WLxx_HAL_Driver/Inc -I../../Drivers/STM32WLxx_HAL_Driver/Inc/Legacy -I../../Utilities/trace/adv_trace -I../../Utilities/misc -I../../Utilities/sequencer -I../../Utilities/timer -I../../Utilities/lpm/tiny_lpm -I../../Middlewares/Third_Party/LoRaWAN/LmHandler/Packages -I../../Drivers/CMSIS/Device/ST/STM32WLxx/Include -I../../Middlewares/Third_Party/LoRaWAN/Crypto -I../../Middlewares/Third_Party/LoRaWAN/Mac/Region -I../../Middlewares/Third_Party/LoRaWAN/Mac -I../../Middlewares/Third_Party/LoRaWAN/LmHandler -I../../Middlewares/Third_Party/LoRaWAN/Utilities -I../../Middlewares/Third_Party/SubGHz_Phy -I../../Middlewares/Third_Party/SubGHz_Phy/stm32_radio_driver -I../../Drivers/CMSIS/Include -I../../Drivers/BSP/STM32WLxx_Nucleo -I../../X-CUBE-MEMS1/Target -I../../Drivers/BSP/Components/hts221 -Og -ffunction-sections -fdata-sections -Wall -fstack-usage -fcyclomatic-complexity -MMD -MP -MF"Application/User/Core/main.d" -MT"Application/User/Core/main.o" --specs=nano.specs -mfloat-abi=soft -mthumb -o "Application/User/Core/main.o"
arm-none-eabi-gcc "C:/Users/Utente/Desktop/UNIVERSITA/PROG.LOGICA/VASOINTELLIGENTE/LoRaWAN_End_Node/Core/Src/sys_sensors.c" -mcpu=cortex-m4 -std=gnu11 -g3 -DDEBUG -DCORE_CM4 -DUSE_HAL_DRIVER -DSTM32WL55xx -c -I../../Core/Inc -I"C:/Users/Utente/Desktop/UNIVERSITA/PROG.LOGICA/VASOINTELLIGENTE/LoRaWAN_End_Node/STM32CubeIDE/Application/User/Core/sensors" -I../../LoRaWAN/App -I../../LoRaWAN/Target -I../../Drivers/STM32WLxx_HAL_Driver/Inc -I../../Drivers/STM32WLxx_HAL_Driver/Inc/Legacy -I../../Utilities/trace/adv_trace -I../../Utilities/misc -I../../Utilities/sequencer -I../../Utilities/timer -I../../Utilities/lpm/tiny_lpm -I../../Middlewares/Third_Party/LoRaWAN/LmHandler/Packages -I../../Drivers/CMSIS/Device/ST/STM32WLxx/Include -I../../Middlewares/Third_Party/LoRaWAN/Crypto -I../../Middlewares/Third_Party/LoRaWAN/Mac/Region -I../../Middlewares/Third_Party/LoRaWAN/Mac -I../../Middlewares/Third_Party/LoRaWAN/LmHandler -I../../Middlewares/Third_Party/LoRaWAN/Utilities -I../../Middlewares/Third_Party/SubGHz_Phy -I../../Middlewares/Third_Party/SubGHz_Phy/stm32_radio_driver -I../../Drivers/CMSIS/Include -I../../Drivers/BSP/STM32WLxx_Nucleo -I../../X-CUBE-MEMS1/Target -I../../Drivers/BSP/Components/hts221 -Og -ffunction-sections -fdata-sections -Wall -fstack-usage -fcyclomatic-complexity -MMD -MP -MF"Application/User/Core/sys_sensors.d" -MT"Application/User/Core/sys_sensors.o" --specs=nano.specs -mfloat-abi=soft -mthumb -o "Application/User/Core/sys_sensors.o"
arm-none-eabi-gcc -o "LoRaWAN_End_Node.elf" @"objects.list"   -mcpu=cortex-m4 -T"C:\Users\Utente\Desktop\UNIVERSITA\PROG.LOGICA\VASOINTELLIGENTE\LoRaWAN_End_Node\STM32CubeIDE\STM32WL55JCIX_FLASH.ld" --specs=nosys.specs -Wl,-Map="LoRaWAN_End_Node.map" -Wl,--gc-sections -static --specs=nano.specs -mfloat-abi=soft -mthumb -Wl,--start-group -lc -lm -Wl,--end-group
Finished building target: LoRaWAN_End_Node.elf
 
arm-none-eabi-size   LoRaWAN_End_Node.elf 
arm-none-eabi-objdump -h -S  LoRaWAN_End_Node.elf  > "LoRaWAN_End_Node.list"
   text	   data	    bss	    dec	    hex	filename
  83920	    280	  11232	  95432	  174c8	LoRaWAN_End_Node.elf
Finished building: default.size.stdout
 
Finished building: LoRaWAN_End_Node.list
 
11:59:19 **** Incremental Build of configuration Debug for project LoRaWAN_End_Node ****
make -j4 all 
arm-none-eabi-gcc "C:/Users/Utente/Desktop/UNIVERSITA/PROG.LOGICA/VASOINTELLIGENTE/LoRaWAN_End_Node/LoRaWAN/App/lora_app.c" -mcpu=cortex-m4 -std=gnu11 -g3 -DDEBUG -DCORE_CM4 -DUSE_HAL_DRIVER -DSTM32WL55xx -c -I../../Core/Inc -I"C:/Users/Utente/Desktop/UNIVERSITA/PROG.LOGICA/VASOINTELLIGENTE/LoRaWAN_End_Node/STM32CubeIDE/Application/User/Core/sensors" -I../../LoRaWAN/App -I../../LoRaWAN/Target -I../../Drivers/STM32WLxx_HAL_Driver/Inc -I../../Drivers/STM32WLxx_HAL_Driver/Inc/Legacy -I../../Utilities/trace/adv_trace -I../../Utilities/misc -I../../Utilities/sequencer -I../../Utilities/timer -I../../Utilities/lpm/tiny_lpm -I../../Middlewares/Third_Party/LoRaWAN/LmHandler/Packages -I../../Drivers/CMSIS/Device/ST/STM32WLxx/Include -I../../Middlewares/Third_Party/LoRaWAN/Crypto -I../../Middlewares/Third_Party/LoRaWAN/Mac/Region -I../../Middlewares/Third_Party/LoRaWAN/Mac -I../../Middlewares/Third_Party/LoRaWAN/LmHandler -I../../Middlewares/Third_Party/LoRaWAN/Utilities -I../../Middlewares/Third_Party/SubGHz_Phy -I../../Middlewares/Third_Party/SubGHz_Phy/stm32_radio_driver -I../../Drivers/CMSIS/Include -I../../Drivers/BSP/STM32WLxx_Nucleo -I../../X-CUBE-MEMS1/Target -I../../Drivers/BSP/Components/hts221 -Og -ffunction-sections -fdata-sections -Wall -fstack-usage -fcyclomatic-complexity -MMD -MP -MF"Application/User/LoRaWAN/App/lora_app.d" -MT"Application/User/LoRaWAN/App/lora_app.o" --specs=nano.specs -mfloat-abi=soft -mthumb -o "Application/User/LoRaWAN/App/lora_app.o"
arm-none-eabi-gcc "../Application/User/Core/sensors/drv_terrain_umi.c" -mcpu=cortex-m4 -std=gnu11 -g3 -DDEBUG -DCORE_CM4 -DUSE_HAL_DRIVER -DSTM32WL55xx -c -I../../Core/Inc -I"C:/Users/Utente/Desktop/UNIVERSITA/PROG.LOGICA/VASOINTELLIGENTE/LoRaWAN_End_Node/STM32CubeIDE/Application/User/Core/sensors" -I../../LoRaWAN/App -I../../LoRaWAN/Target -I../../Drivers/STM32WLxx_HAL_Driver/Inc -I../../Drivers/STM32WLxx_HAL_Driver/Inc/Legacy -I../../Utilities/trace/adv_trace -I../../Utilities/misc -I../../Utilities/sequencer -I../../Utilities/timer -I../../Utilities/lpm/tiny_lpm -I../../Middlewares/Third_Party/LoRaWAN/LmHandler/Packages -I../../Drivers/CMSIS/Device/ST/STM32WLxx/Include -I../../Middlewares/Third_Party/LoRaWAN/Crypto -I../../Middlewares/Third_Party/LoRaWAN/Mac/Region -I../../Middlewares/Third_Party/LoRaWAN/Mac -I../../Middlewares/Third_Party/LoRaWAN/LmHandler -I../../Middlewares/Third_Party/LoRaWAN/Utilities -I../../Middlewares/Third_Party/SubGHz_Phy -I../../Middlewares/Third_Party/SubGHz_Phy/stm32_radio_driver -I../../Drivers/CMSIS/Include -I../../Drivers/BSP/STM32WLxx_Nucleo -I../../X-CUBE-MEMS1/Target -I../../Drivers/BSP/Components/hts221 -Og -ffunction-sections -fdata-sections -Wall -fstack-usage -fcyclomatic-complexity -MMD -MP -MF"Application/User/Core/sensors/drv_terrain_umi.d" -MT"Application/User/Core/sensors/drv_terrain_umi.o" --specs=nano.specs -mfloat-abi=soft -mthumb -o "Application/User/Core/sensors/drv_terrain_umi.o"
arm-none-eabi-gcc "C:/Users/Utente/Desktop/UNIVERSITA/PROG.LOGICA/VASOINTELLIGENTE/LoRaWAN_End_Node/Core/Src/adc.c" -mcpu=cortex-m4 -std=gnu11 -g3 -DDEBUG -DCORE_CM4 -DUSE_HAL_DRIVER -DSTM32WL55xx -c -I../../Core/Inc -I"C:/Users/Utente/Desktop/UNIVERSITA/PROG.LOGICA/VASOINTELLIGENTE/LoRaWAN_End_Node/STM32CubeIDE/Application/User/Core/sensors" -I../../LoRaWAN/App -I../../LoRaWAN/Target -I../../Drivers/STM32WLxx_HAL_Driver/Inc -I../../Drivers/STM32WLxx_HAL_Driver/Inc/Legacy -I../../Utilities/trace/adv_trace -I../../Utilities/misc -I../../Utilities/sequencer -I../../Utilities/timer -I../../Utilities/lpm/tiny_lpm -I../../Middlewares/Third_Party/LoRaWAN/LmHandler/Packages -I../../Drivers/CMSIS/Device/ST/STM32WLxx/Include -I../../Middlewares/Third_Party/LoRaWAN/Crypto -I../../Middlewares/Third_Party/LoRaWAN/Mac/Region -I../../Middlewares/Third_Party/LoRaWAN/Mac -I../../Middlewares/Third_Party/LoRaWAN/LmHandler -I../../Middlewares/Third_Party/LoRaWAN/Utilities -I../../Middlewares/Third_Party/SubGHz_Phy -I../../Middlewares/Third_Party/SubGHz_Phy/stm32_radio_driver -I../../Drivers/CMSIS/Include -I../../Drivers/BSP/STM32WLxx_Nucleo -I../../X-CUBE-MEMS1/Target -I../../Drivers/BSP/Components/hts221 -Og -ffunction-sections -fdata-sections -Wall -fstack-usage -fcyclomatic-complexity -MMD -MP -MF"Application/User/Core/adc.d" -MT"Application/User/Core/adc.o" --specs=nano.specs -mfloat-abi=soft -mthumb -o "Application/User/Core/adc.o"
arm-none-eabi-gcc "C:/Users/Utente/Desktop/UNIVERSITA/PROG.LOGICA/VASOINTELLIGENTE/LoRaWAN_End_Node/Core/Src/adc_if.c" -mcpu=cortex-m4 -std=gnu11 -g3 -DDEBUG -DCORE_CM4 -DUSE_HAL_DRIVER -DSTM32WL55xx -c -I../../Core/Inc -I"C:/Users/Utente/Desktop/UNIVERSITA/PROG.LOGICA/VASOINTELLIGENTE/LoRaWAN_End_Node/STM32CubeIDE/Application/User/Core/sensors" -I../../LoRaWAN/App -I../../LoRaWAN/Target -I../../Drivers/STM32WLxx_HAL_Driver/Inc -I../../Drivers/STM32WLxx_HAL_Driver/Inc/Legacy -I../../Utilities/trace/adv_trace -I../../Utilities/misc -I../../Utilities/sequencer -I../../Utilities/timer -I../../Utilities/lpm/tiny_lpm -I../../Middlewares/Third_Party/LoRaWAN/LmHandler/Packages -I../../Drivers/CMSIS/Device/ST/STM32WLxx/Include -I../../Middlewares/Third_Party/LoRaWAN/Crypto -I../../Middlewares/Third_Party/LoRaWAN/Mac/Region -I../../Middlewares/Third_Party/LoRaWAN/Mac -I../../Middlewares/Third_Party/LoRaWAN/LmHandler -I../../Middlewares/Third_Party/LoRaWAN/Utilities -I../../Middlewares/Third_Party/SubGHz_Phy -I../../Middlewares/Third_Party/SubGHz_Phy/stm32_radio_driver -I../../Drivers/CMSIS/Include -I../../Drivers/BSP/STM32WLxx_Nucleo -I../../X-CUBE-MEMS1/Target -I../../Drivers/BSP/Components/hts221 -Og -ffunction-sections -fdata-sections -Wall -fstack-usage -fcyclomatic-complexity -MMD -MP -MF"Application/User/Core/adc_if.d" -MT"Application/User/Core/adc_if.o" --specs=nano.specs -mfloat-abi=soft -mthumb -o "Application/User/Core/adc_if.o"
C:/Users/Utente/Desktop/UNIVERSITA/PROG.LOGICA/VASOINTELLIGENTE/LoRaWAN_End_Node/Core/Src/adc.c: In function 'MX_ADC_Init':
C:/Users/Utente/Desktop/UNIVERSITA/PROG.LOGICA/VASOINTELLIGENTE/LoRaWAN_End_Node/Core/Src/adc.c:45:7: error: 'hadc' is a pointer; did you mean to use '->'?
   45 |   hadc.Instance = ADC;
      |       ^
      |       ->
C:/Users/Utente/Desktop/UNIVERSITA/PROG.LOGICA/VASOINTELLIGENTE/LoRaWAN_End_Node/Core/Src/adc.c:46:7: error: 'hadc' is a pointer; did you mean to use '->'?
   46 |   hadc.Init.ClockPrescaler = ADC_CLOCK_SYNC_PCLK_DIV4;
      |       ^
      |       ->
C:/Users/Utente/Desktop/UNIVERSITA/PROG.LOGICA/VASOINTELLIGENTE/LoRaWAN_End_Node/Core/Src/adc.c:47:7: error: 'hadc' is a pointer; did you mean to use '->'?
   47 |   hadc.Init.Resolution = ADC_RESOLUTION_12B;
      |       ^
      |       ->
C:/Users/Utente/Desktop/UNIVERSITA/PROG.LOGICA/VASOINTELLIGENTE/LoRaWAN_End_Node/Core/Src/adc.c:48:7: error: 'hadc' is a pointer; did you mean to use '->'?
   48 |   hadc.Init.DataAlign = ADC_DATAALIGN_RIGHT;
      |       ^
      |       ->
C:/Users/Utente/Desktop/UNIVERSITA/PROG.LOGICA/VASOINTELLIGENTE/LoRaWAN_End_Node/Core/Src/adc.c:49:7: error: 'hadc' is a pointer; did you mean to use '->'?
   49 |   hadc.Init.ScanConvMode = ADC_SCAN_DISABLE;
      |       ^
      |       ->
C:/Users/Utente/Desktop/UNIVERSITA/PROG.LOGICA/VASOINTELLIGENTE/LoRaWAN_End_Node/Core/Src/adc.c:50:7: error: 'hadc' is a pointer; did you mean to use '->'?
   50 |   hadc.Init.EOCSelection = ADC_EOC_SINGLE_CONV;
      |       ^
      |       ->
C:/Users/Utente/Desktop/UNIVERSITA/PROG.LOGICA/VASOINTELLIGENTE/LoRaWAN_End_Node/Core/Src/adc.c:51:7: error: 'hadc' is a pointer; did you mean to use '->'?
   51 |   hadc.Init.LowPowerAutoWait = DISABLE;
      |       ^
      |       ->
C:/Users/Utente/Desktop/UNIVERSITA/PROG.LOGICA/VASOINTELLIGENTE/LoRaWAN_End_Node/Core/Src/adc.c:52:7: error: 'hadc' is a pointer; did you mean to use '->'?
   52 |   hadc.Init.LowPowerAutoPowerOff = DISABLE;
      |       ^
      |       ->
C:/Users/Utente/Desktop/UNIVERSITA/PROG.LOGICA/VASOINTELLIGENTE/LoRaWAN_End_Node/Core/Src/adc.c:53:7: error: 'hadc' is a pointer; did you mean to use '->'?
   53 |   hadc.Init.ContinuousConvMode = DISABLE;
      |       ^
      |       ->
C:/Users/Utente/Desktop/UNIVERSITA/PROG.LOGICA/VASOINTELLIGENTE/LoRaWAN_End_Node/Core/Src/adc.c:54:7: error: 'hadc' is a pointer; did you mean to use '->'?
   54 |   hadc.Init.NbrOfConversion = 1;
      |       ^
      |       ->
C:/Users/Utente/Desktop/UNIVERSITA/PROG.LOGICA/VASOINTELLIGENTE/LoRaWAN_End_Node/Core/Src/adc.c:55:7: error: 'hadc' is a pointer; did you mean to use '->'?
   55 |   hadc.Init.DiscontinuousConvMode = DISABLE;
      |       ^
      |       ->
C:/Users/Utente/Desktop/UNIVERSITA/PROG.LOGICA/VASOINTELLIGENTE/LoRaWAN_End_Node/Core/Src/adc.c:56:7: error: 'hadc' is a pointer; did you mean to use '->'?
   56 |   hadc.Init.ExternalTrigConv = ADC_SOFTWARE_START;
      |       ^
      |       ->
C:/Users/Utente/Desktop/UNIVERSITA/PROG.LOGICA/VASOINTELLIGENTE/LoRaWAN_End_Node/Core/Src/adc.c:57:7: error: 'hadc' is a pointer; did you mean to use '->'?
   57 |   hadc.Init.ExternalTrigConvEdge = ADC_EXTERNALTRIGCONVEDGE_NONE;
      |       ^
      |       ->
C:/Users/Utente/Desktop/UNIVERSITA/PROG.LOGICA/VASOINTELLIGENTE/LoRaWAN_End_Node/Core/Src/adc.c:58:7: error: 'hadc' is a pointer; did you mean to use '->'?
   58 |   hadc.Init.DMAContinuousRequests = DISABLE;
      |       ^
      |       ->
C:/Users/Utente/Desktop/UNIVERSITA/PROG.LOGICA/VASOINTELLIGENTE/LoRaWAN_End_Node/Core/Src/adc.c:59:7: error: 'hadc' is a pointer; did you mean to use '->'?
   59 |   hadc.Init.Overrun = ADC_OVR_DATA_OVERWRITTEN;
      |       ^
      |       ->
C:/Users/Utente/Desktop/UNIVERSITA/PROG.LOGICA/VASOINTELLIGENTE/LoRaWAN_End_Node/Core/Src/adc.c:60:7: error: 'hadc' is a pointer; did you mean to use '->'?
   60 |   hadc.Init.SamplingTimeCommon1 = ADC_SAMPLETIME_1CYCLE_5  ;
      |       ^
      |       ->
C:/Users/Utente/Desktop/UNIVERSITA/PROG.LOGICA/VASOINTELLIGENTE/LoRaWAN_End_Node/Core/Src/adc.c:61:7: error: 'hadc' is a pointer; did you mean to use '->'?
   61 |   hadc.Init.SamplingTimeCommon2 = ADC_SAMPLETIME_1CYCLE_5  ;
      |       ^
      |       ->
C:/Users/Utente/Desktop/UNIVERSITA/PROG.LOGICA/VASOINTELLIGENTE/LoRaWAN_End_Node/Core/Src/adc.c:62:7: error: 'hadc' is a pointer; did you mean to use '->'?
   62 |   hadc.Init.OversamplingMode = DISABLE;
      |       ^
      |       ->
C:/Users/Utente/Desktop/UNIVERSITA/PROG.LOGICA/VASOINTELLIGENTE/LoRaWAN_End_Node/Core/Src/adc.c:63:7: error: 'hadc' is a pointer; did you mean to use '->'?
   63 |   hadc.Init.TriggerFrequencyMode = ADC_TRIGGER_FREQ_HIGH;
      |       ^
      |       ->
C:/Users/Utente/Desktop/UNIVERSITA/PROG.LOGICA/VASOINTELLIGENTE/LoRaWAN_End_Node/Core/Src/adc.c:64:20: warning: passing argument 1 of 'HAL_ADC_Init' from incompatible pointer type [-Wincompatible-pointer-types]
   64 |   if (HAL_ADC_Init(&hadc) != HAL_OK)
      |                    ^~~~~
      |                    |
      |                    ADC_HandleTypeDef **
In file included from ../../Core/Inc/stm32wlxx_hal_conf.h:197,
                 from ../../Drivers/STM32WLxx_HAL_Driver/Inc/stm32wlxx_hal.h:29,
                 from ../../Core/Inc/main.h:30,
                 from ../../Core/Inc/adc.h:29,
                 from C:/Users/Utente/Desktop/UNIVERSITA/PROG.LOGICA/VASOINTELLIGENTE/LoRaWAN_End_Node/Core/Src/adc.c:21:
../../Drivers/STM32WLxx_HAL_Driver/Inc/stm32wlxx_hal_adc.h:1809:57: note: expected 'ADC_HandleTypeDef *' but argument is of type 'ADC_HandleTypeDef **'
 1809 | HAL_StatusTypeDef       HAL_ADC_Init(ADC_HandleTypeDef *hadc);
      |                                      ~~~~~~~~~~~~~~~~~~~^~~~
C:/Users/Utente/Desktop/UNIVERSITA/PROG.LOGICA/VASOINTELLIGENTE/LoRaWAN_End_Node/Core/Src/adc.c:74:29: warning: passing argument 1 of 'HAL_ADC_ConfigChannel' from incompatible pointer type [-Wincompatible-pointer-types]
   74 |   if (HAL_ADC_ConfigChannel(&hadc, &sConfig) != HAL_OK)
      |                             ^~~~~
      |                             |
      |                             ADC_HandleTypeDef **
In file included from ../../Core/Inc/stm32wlxx_hal_conf.h:197,
                 from ../../Drivers/STM32WLxx_HAL_Driver/Inc/stm32wlxx_hal.h:29,
                 from ../../Core/Inc/main.h:30,
                 from ../../Core/Inc/adc.h:29,
                 from C:/Users/Utente/Desktop/UNIVERSITA/PROG.LOGICA/VASOINTELLIGENTE/LoRaWAN_End_Node/Core/Src/adc.c:21:
../../Drivers/STM32WLxx_HAL_Driver/Inc/stm32wlxx_hal_adc.h:1862:66: note: expected 'ADC_HandleTypeDef *' but argument is of type 'ADC_HandleTypeDef **'
 1862 | HAL_StatusTypeDef       HAL_ADC_ConfigChannel(ADC_HandleTypeDef *hadc, ADC_ChannelConfTypeDef *pConfig);
      |                                               ~~~~~~~~~~~~~~~~~~~^~~~
make: *** [Application/User/Core/subdir.mk:76: Application/User/Core/adc.o] Error 1
make: *** Waiting for unfinished jobs....
C:/Users/Utente/Desktop/UNIVERSITA/PROG.LOGICA/VASOINTELLIGENTE/LoRaWAN_End_Node/Core/Src/adc_if.c: In function 'ADC_ReadChannels':
C:/Users/Utente/Desktop/UNIVERSITA/PROG.LOGICA/VASOINTELLIGENTE/LoRaWAN_End_Node/Core/Src/adc_if.c:189:3: error: too few arguments to function 'MX_ADC_Init'
  189 |   MX_ADC_Init();
      |   ^~~~~~~~~~~
In file included from ../../Core/Inc/adc_if.h:29,
                 from C:/Users/Utente/Desktop/UNIVERSITA/PROG.LOGICA/VASOINTELLIGENTE/LoRaWAN_End_Node/Core/Src/adc_if.c:22:
../../Core/Inc/adc.h:41:6: note: declared here
   41 | void MX_ADC_Init(ADC_HandleTypeDef *hadc);
      |      ^~~~~~~~~~~
make: *** [Application/User/Core/subdir.mk:78: Application/User/Core/adc_if.o] Error 1
"make -j4 all" terminated with exit code 2. Build might be incomplete.
12:01:33 **** Incremental Build of configuration Debug for project LoRaWAN_End_Node ****
make -j4 all 
arm-none-eabi-gcc "C:/Users/Utente/Desktop/UNIVERSITA/PROG.LOGICA/VASOINTELLIGENTE/LoRaWAN_End_Node/LoRaWAN/App/lora_app.c" -mcpu=cortex-m4 -std=gnu11 -g3 -DDEBUG -DCORE_CM4 -DUSE_HAL_DRIVER -DSTM32WL55xx -c -I../../Core/Inc -I"C:/Users/Utente/Desktop/UNIVERSITA/PROG.LOGICA/VASOINTELLIGENTE/LoRaWAN_End_Node/STM32CubeIDE/Application/User/Core/sensors" -I../../LoRaWAN/App -I../../LoRaWAN/Target -I../../Drivers/STM32WLxx_HAL_Driver/Inc -I../../Drivers/STM32WLxx_HAL_Driver/Inc/Legacy -I../../Utilities/trace/adv_trace -I../../Utilities/misc -I../../Utilities/sequencer -I../../Utilities/timer -I../../Utilities/lpm/tiny_lpm -I../../Middlewares/Third_Party/LoRaWAN/LmHandler/Packages -I../../Drivers/CMSIS/Device/ST/STM32WLxx/Include -I../../Middlewares/Third_Party/LoRaWAN/Crypto -I../../Middlewares/Third_Party/LoRaWAN/Mac/Region -I../../Middlewares/Third_Party/LoRaWAN/Mac -I../../Middlewares/Third_Party/LoRaWAN/LmHandler -I../../Middlewares/Third_Party/LoRaWAN/Utilities -I../../Middlewares/Third_Party/SubGHz_Phy -I../../Middlewares/Third_Party/SubGHz_Phy/stm32_radio_driver -I../../Drivers/CMSIS/Include -I../../Drivers/BSP/STM32WLxx_Nucleo -I../../X-CUBE-MEMS1/Target -I../../Drivers/BSP/Components/hts221 -Og -ffunction-sections -fdata-sections -Wall -fstack-usage -fcyclomatic-complexity -MMD -MP -MF"Application/User/LoRaWAN/App/lora_app.d" -MT"Application/User/LoRaWAN/App/lora_app.o" --specs=nano.specs -mfloat-abi=soft -mthumb -o "Application/User/LoRaWAN/App/lora_app.o"
arm-none-eabi-gcc "../Application/User/Core/sensors/drv_terrain_umi.c" -mcpu=cortex-m4 -std=gnu11 -g3 -DDEBUG -DCORE_CM4 -DUSE_HAL_DRIVER -DSTM32WL55xx -c -I../../Core/Inc -I"C:/Users/Utente/Desktop/UNIVERSITA/PROG.LOGICA/VASOINTELLIGENTE/LoRaWAN_End_Node/STM32CubeIDE/Application/User/Core/sensors" -I../../LoRaWAN/App -I../../LoRaWAN/Target -I../../Drivers/STM32WLxx_HAL_Driver/Inc -I../../Drivers/STM32WLxx_HAL_Driver/Inc/Legacy -I../../Utilities/trace/adv_trace -I../../Utilities/misc -I../../Utilities/sequencer -I../../Utilities/timer -I../../Utilities/lpm/tiny_lpm -I../../Middlewares/Third_Party/LoRaWAN/LmHandler/Packages -I../../Drivers/CMSIS/Device/ST/STM32WLxx/Include -I../../Middlewares/Third_Party/LoRaWAN/Crypto -I../../Middlewares/Third_Party/LoRaWAN/Mac/Region -I../../Middlewares/Third_Party/LoRaWAN/Mac -I../../Middlewares/Third_Party/LoRaWAN/LmHandler -I../../Middlewares/Third_Party/LoRaWAN/Utilities -I../../Middlewares/Third_Party/SubGHz_Phy -I../../Middlewares/Third_Party/SubGHz_Phy/stm32_radio_driver -I../../Drivers/CMSIS/Include -I../../Drivers/BSP/STM32WLxx_Nucleo -I../../X-CUBE-MEMS1/Target -I../../Drivers/BSP/Components/hts221 -Og -ffunction-sections -fdata-sections -Wall -fstack-usage -fcyclomatic-complexity -MMD -MP -MF"Application/User/Core/sensors/drv_terrain_umi.d" -MT"Application/User/Core/sensors/drv_terrain_umi.o" --specs=nano.specs -mfloat-abi=soft -mthumb -o "Application/User/Core/sensors/drv_terrain_umi.o"
arm-none-eabi-gcc "C:/Users/Utente/Desktop/UNIVERSITA/PROG.LOGICA/VASOINTELLIGENTE/LoRaWAN_End_Node/Core/Src/adc.c" -mcpu=cortex-m4 -std=gnu11 -g3 -DDEBUG -DCORE_CM4 -DUSE_HAL_DRIVER -DSTM32WL55xx -c -I../../Core/Inc -I"C:/Users/Utente/Desktop/UNIVERSITA/PROG.LOGICA/VASOINTELLIGENTE/LoRaWAN_End_Node/STM32CubeIDE/Application/User/Core/sensors" -I../../LoRaWAN/App -I../../LoRaWAN/Target -I../../Drivers/STM32WLxx_HAL_Driver/Inc -I../../Drivers/STM32WLxx_HAL_Driver/Inc/Legacy -I../../Utilities/trace/adv_trace -I../../Utilities/misc -I../../Utilities/sequencer -I../../Utilities/timer -I../../Utilities/lpm/tiny_lpm -I../../Middlewares/Third_Party/LoRaWAN/LmHandler/Packages -I../../Drivers/CMSIS/Device/ST/STM32WLxx/Include -I../../Middlewares/Third_Party/LoRaWAN/Crypto -I../../Middlewares/Third_Party/LoRaWAN/Mac/Region -I../../Middlewares/Third_Party/LoRaWAN/Mac -I../../Middlewares/Third_Party/LoRaWAN/LmHandler -I../../Middlewares/Third_Party/LoRaWAN/Utilities -I../../Middlewares/Third_Party/SubGHz_Phy -I../../Middlewares/Third_Party/SubGHz_Phy/stm32_radio_driver -I../../Drivers/CMSIS/Include -I../../Drivers/BSP/STM32WLxx_Nucleo -I../../X-CUBE-MEMS1/Target -I../../Drivers/BSP/Components/hts221 -Og -ffunction-sections -fdata-sections -Wall -fstack-usage -fcyclomatic-complexity -MMD -MP -MF"Application/User/Core/adc.d" -MT"Application/User/Core/adc.o" --specs=nano.specs -mfloat-abi=soft -mthumb -o "Application/User/Core/adc.o"
arm-none-eabi-gcc "C:/Users/Utente/Desktop/UNIVERSITA/PROG.LOGICA/VASOINTELLIGENTE/LoRaWAN_End_Node/Core/Src/adc_if.c" -mcpu=cortex-m4 -std=gnu11 -g3 -DDEBUG -DCORE_CM4 -DUSE_HAL_DRIVER -DSTM32WL55xx -c -I../../Core/Inc -I"C:/Users/Utente/Desktop/UNIVERSITA/PROG.LOGICA/VASOINTELLIGENTE/LoRaWAN_End_Node/STM32CubeIDE/Application/User/Core/sensors" -I../../LoRaWAN/App -I../../LoRaWAN/Target -I../../Drivers/STM32WLxx_HAL_Driver/Inc -I../../Drivers/STM32WLxx_HAL_Driver/Inc/Legacy -I../../Utilities/trace/adv_trace -I../../Utilities/misc -I../../Utilities/sequencer -I../../Utilities/timer -I../../Utilities/lpm/tiny_lpm -I../../Middlewares/Third_Party/LoRaWAN/LmHandler/Packages -I../../Drivers/CMSIS/Device/ST/STM32WLxx/Include -I../../Middlewares/Third_Party/LoRaWAN/Crypto -I../../Middlewares/Third_Party/LoRaWAN/Mac/Region -I../../Middlewares/Third_Party/LoRaWAN/Mac -I../../Middlewares/Third_Party/LoRaWAN/LmHandler -I../../Middlewares/Third_Party/LoRaWAN/Utilities -I../../Middlewares/Third_Party/SubGHz_Phy -I../../Middlewares/Third_Party/SubGHz_Phy/stm32_radio_driver -I../../Drivers/CMSIS/Include -I../../Drivers/BSP/STM32WLxx_Nucleo -I../../X-CUBE-MEMS1/Target -I../../Drivers/BSP/Components/hts221 -Og -ffunction-sections -fdata-sections -Wall -fstack-usage -fcyclomatic-complexity -MMD -MP -MF"Application/User/Core/adc_if.d" -MT"Application/User/Core/adc_if.o" --specs=nano.specs -mfloat-abi=soft -mthumb -o "Application/User/Core/adc_if.o"
C:/Users/Utente/Desktop/UNIVERSITA/PROG.LOGICA/VASOINTELLIGENTE/LoRaWAN_End_Node/Core/Src/adc.c: In function 'MX_ADC_Init':
C:/Users/Utente/Desktop/UNIVERSITA/PROG.LOGICA/VASOINTELLIGENTE/LoRaWAN_End_Node/Core/Src/adc.c:33:10: error: incompatible types when assigning to type 'ADC_HandleTypeDef' from type 'ADC_HandleTypeDef *'
   33 |   hadc = new_hadc;
      |          ^~~~~~~~
make: *** [Application/User/Core/subdir.mk:76: Application/User/Core/adc.o] Error 1
make: *** Waiting for unfinished jobs....
"make -j4 all" terminated with exit code 2. Build might be incomplete.
12:02:16 **** Incremental Build of configuration Debug for project LoRaWAN_End_Node ****
make -j4 all 
arm-none-eabi-gcc "C:/Users/Utente/Desktop/UNIVERSITA/PROG.LOGICA/VASOINTELLIGENTE/LoRaWAN_End_Node/LoRaWAN/App/lora_app.c" -mcpu=cortex-m4 -std=gnu11 -g3 -DDEBUG -DCORE_CM4 -DUSE_HAL_DRIVER -DSTM32WL55xx -c -I../../Core/Inc -I"C:/Users/Utente/Desktop/UNIVERSITA/PROG.LOGICA/VASOINTELLIGENTE/LoRaWAN_End_Node/STM32CubeIDE/Application/User/Core/sensors" -I../../LoRaWAN/App -I../../LoRaWAN/Target -I../../Drivers/STM32WLxx_HAL_Driver/Inc -I../../Drivers/STM32WLxx_HAL_Driver/Inc/Legacy -I../../Utilities/trace/adv_trace -I../../Utilities/misc -I../../Utilities/sequencer -I../../Utilities/timer -I../../Utilities/lpm/tiny_lpm -I../../Middlewares/Third_Party/LoRaWAN/LmHandler/Packages -I../../Drivers/CMSIS/Device/ST/STM32WLxx/Include -I../../Middlewares/Third_Party/LoRaWAN/Crypto -I../../Middlewares/Third_Party/LoRaWAN/Mac/Region -I../../Middlewares/Third_Party/LoRaWAN/Mac -I../../Middlewares/Third_Party/LoRaWAN/LmHandler -I../../Middlewares/Third_Party/LoRaWAN/Utilities -I../../Middlewares/Third_Party/SubGHz_Phy -I../../Middlewares/Third_Party/SubGHz_Phy/stm32_radio_driver -I../../Drivers/CMSIS/Include -I../../Drivers/BSP/STM32WLxx_Nucleo -I../../X-CUBE-MEMS1/Target -I../../Drivers/BSP/Components/hts221 -Og -ffunction-sections -fdata-sections -Wall -fstack-usage -fcyclomatic-complexity -MMD -MP -MF"Application/User/LoRaWAN/App/lora_app.d" -MT"Application/User/LoRaWAN/App/lora_app.o" --specs=nano.specs -mfloat-abi=soft -mthumb -o "Application/User/LoRaWAN/App/lora_app.o"
arm-none-eabi-gcc "../Application/User/Core/sensors/drv_terrain_umi.c" -mcpu=cortex-m4 -std=gnu11 -g3 -DDEBUG -DCORE_CM4 -DUSE_HAL_DRIVER -DSTM32WL55xx -c -I../../Core/Inc -I"C:/Users/Utente/Desktop/UNIVERSITA/PROG.LOGICA/VASOINTELLIGENTE/LoRaWAN_End_Node/STM32CubeIDE/Application/User/Core/sensors" -I../../LoRaWAN/App -I../../LoRaWAN/Target -I../../Drivers/STM32WLxx_HAL_Driver/Inc -I../../Drivers/STM32WLxx_HAL_Driver/Inc/Legacy -I../../Utilities/trace/adv_trace -I../../Utilities/misc -I../../Utilities/sequencer -I../../Utilities/timer -I../../Utilities/lpm/tiny_lpm -I../../Middlewares/Third_Party/LoRaWAN/LmHandler/Packages -I../../Drivers/CMSIS/Device/ST/STM32WLxx/Include -I../../Middlewares/Third_Party/LoRaWAN/Crypto -I../../Middlewares/Third_Party/LoRaWAN/Mac/Region -I../../Middlewares/Third_Party/LoRaWAN/Mac -I../../Middlewares/Third_Party/LoRaWAN/LmHandler -I../../Middlewares/Third_Party/LoRaWAN/Utilities -I../../Middlewares/Third_Party/SubGHz_Phy -I../../Middlewares/Third_Party/SubGHz_Phy/stm32_radio_driver -I../../Drivers/CMSIS/Include -I../../Drivers/BSP/STM32WLxx_Nucleo -I../../X-CUBE-MEMS1/Target -I../../Drivers/BSP/Components/hts221 -Og -ffunction-sections -fdata-sections -Wall -fstack-usage -fcyclomatic-complexity -MMD -MP -MF"Application/User/Core/sensors/drv_terrain_umi.d" -MT"Application/User/Core/sensors/drv_terrain_umi.o" --specs=nano.specs -mfloat-abi=soft -mthumb -o "Application/User/Core/sensors/drv_terrain_umi.o"
arm-none-eabi-gcc "C:/Users/Utente/Desktop/UNIVERSITA/PROG.LOGICA/VASOINTELLIGENTE/LoRaWAN_End_Node/Core/Src/adc.c" -mcpu=cortex-m4 -std=gnu11 -g3 -DDEBUG -DCORE_CM4 -DUSE_HAL_DRIVER -DSTM32WL55xx -c -I../../Core/Inc -I"C:/Users/Utente/Desktop/UNIVERSITA/PROG.LOGICA/VASOINTELLIGENTE/LoRaWAN_End_Node/STM32CubeIDE/Application/User/Core/sensors" -I../../LoRaWAN/App -I../../LoRaWAN/Target -I../../Drivers/STM32WLxx_HAL_Driver/Inc -I../../Drivers/STM32WLxx_HAL_Driver/Inc/Legacy -I../../Utilities/trace/adv_trace -I../../Utilities/misc -I../../Utilities/sequencer -I../../Utilities/timer -I../../Utilities/lpm/tiny_lpm -I../../Middlewares/Third_Party/LoRaWAN/LmHandler/Packages -I../../Drivers/CMSIS/Device/ST/STM32WLxx/Include -I../../Middlewares/Third_Party/LoRaWAN/Crypto -I../../Middlewares/Third_Party/LoRaWAN/Mac/Region -I../../Middlewares/Third_Party/LoRaWAN/Mac -I../../Middlewares/Third_Party/LoRaWAN/LmHandler -I../../Middlewares/Third_Party/LoRaWAN/Utilities -I../../Middlewares/Third_Party/SubGHz_Phy -I../../Middlewares/Third_Party/SubGHz_Phy/stm32_radio_driver -I../../Drivers/CMSIS/Include -I../../Drivers/BSP/STM32WLxx_Nucleo -I../../X-CUBE-MEMS1/Target -I../../Drivers/BSP/Components/hts221 -Og -ffunction-sections -fdata-sections -Wall -fstack-usage -fcyclomatic-complexity -MMD -MP -MF"Application/User/Core/adc.d" -MT"Application/User/Core/adc.o" --specs=nano.specs -mfloat-abi=soft -mthumb -o "Application/User/Core/adc.o"
arm-none-eabi-gcc "C:/Users/Utente/Desktop/UNIVERSITA/PROG.LOGICA/VASOINTELLIGENTE/LoRaWAN_End_Node/Core/Src/adc_if.c" -mcpu=cortex-m4 -std=gnu11 -g3 -DDEBUG -DCORE_CM4 -DUSE_HAL_DRIVER -DSTM32WL55xx -c -I../../Core/Inc -I"C:/Users/Utente/Desktop/UNIVERSITA/PROG.LOGICA/VASOINTELLIGENTE/LoRaWAN_End_Node/STM32CubeIDE/Application/User/Core/sensors" -I../../LoRaWAN/App -I../../LoRaWAN/Target -I../../Drivers/STM32WLxx_HAL_Driver/Inc -I../../Drivers/STM32WLxx_HAL_Driver/Inc/Legacy -I../../Utilities/trace/adv_trace -I../../Utilities/misc -I../../Utilities/sequencer -I../../Utilities/timer -I../../Utilities/lpm/tiny_lpm -I../../Middlewares/Third_Party/LoRaWAN/LmHandler/Packages -I../../Drivers/CMSIS/Device/ST/STM32WLxx/Include -I../../Middlewares/Third_Party/LoRaWAN/Crypto -I../../Middlewares/Third_Party/LoRaWAN/Mac/Region -I../../Middlewares/Third_Party/LoRaWAN/Mac -I../../Middlewares/Third_Party/LoRaWAN/LmHandler -I../../Middlewares/Third_Party/LoRaWAN/Utilities -I../../Middlewares/Third_Party/SubGHz_Phy -I../../Middlewares/Third_Party/SubGHz_Phy/stm32_radio_driver -I../../Drivers/CMSIS/Include -I../../Drivers/BSP/STM32WLxx_Nucleo -I../../X-CUBE-MEMS1/Target -I../../Drivers/BSP/Components/hts221 -Og -ffunction-sections -fdata-sections -Wall -fstack-usage -fcyclomatic-complexity -MMD -MP -MF"Application/User/Core/adc_if.d" -MT"Application/User/Core/adc_if.o" --specs=nano.specs -mfloat-abi=soft -mthumb -o "Application/User/Core/adc_if.o"
../Application/User/Core/sensors/drv_terrain_umi.c: In function 'drv_terrain_humi_Init':
../Application/User/Core/sensors/drv_terrain_umi.c:16:21: error: incompatible type for argument 1 of 'MX_ADC_Init'
   16 |         MX_ADC_Init(&new_hadc);
      |                     ^~~~~~~~~
      |                     |
      |                     ADC_HandleTypeDef *
In file included from ../Application/User/Core/sensors/drv_terrain_umi.c:7:
../../Core/Inc/adc.h:41:36: note: expected 'ADC_HandleTypeDef' but argument is of type 'ADC_HandleTypeDef *'
   41 | void MX_ADC_Init(ADC_HandleTypeDef new_hadc);
      |                  ~~~~~~~~~~~~~~~~~~^~~~~~~~
C:/Users/Utente/Desktop/UNIVERSITA/PROG.LOGICA/VASOINTELLIGENTE/LoRaWAN_End_Node/Core/Src/adc_if.c: In function 'ADC_ReadChannels':
C:/Users/Utente/Desktop/UNIVERSITA/PROG.LOGICA/VASOINTELLIGENTE/LoRaWAN_End_Node/Core/Src/adc_if.c:189:15: error: incompatible type for argument 1 of 'MX_ADC_Init'
  189 |   MX_ADC_Init(&hadc);
      |               ^~~~~
      |               |
      |               ADC_HandleTypeDef *
In file included from ../../Core/Inc/adc_if.h:29,
                 from C:/Users/Utente/Desktop/UNIVERSITA/PROG.LOGICA/VASOINTELLIGENTE/LoRaWAN_End_Node/Core/Src/adc_if.c:22:
../../Core/Inc/adc.h:41:36: note: expected 'ADC_HandleTypeDef' but argument is of type 'ADC_HandleTypeDef *'
   41 | void MX_ADC_Init(ADC_HandleTypeDef new_hadc);
      |                  ~~~~~~~~~~~~~~~~~~^~~~~~~~
make: *** [Application/User/Core/sensors/subdir.mk:25: Application/User/Core/sensors/drv_terrain_umi.o] Error 1
make: *** Waiting for unfinished jobs....
make: *** [Application/User/Core/subdir.mk:78: Application/User/Core/adc_if.o] Error 1
"make -j4 all" terminated with exit code 2. Build might be incomplete.
12:02:37 **** Incremental Build of configuration Debug for project LoRaWAN_End_Node ****
make -j4 all 
arm-none-eabi-gcc "../Application/User/Core/sensors/drv_terrain_umi.c" -mcpu=cortex-m4 -std=gnu11 -g3 -DDEBUG -DCORE_CM4 -DUSE_HAL_DRIVER -DSTM32WL55xx -c -I../../Core/Inc -I"C:/Users/Utente/Desktop/UNIVERSITA/PROG.LOGICA/VASOINTELLIGENTE/LoRaWAN_End_Node/STM32CubeIDE/Application/User/Core/sensors" -I../../LoRaWAN/App -I../../LoRaWAN/Target -I../../Drivers/STM32WLxx_HAL_Driver/Inc -I../../Drivers/STM32WLxx_HAL_Driver/Inc/Legacy -I../../Utilities/trace/adv_trace -I../../Utilities/misc -I../../Utilities/sequencer -I../../Utilities/timer -I../../Utilities/lpm/tiny_lpm -I../../Middlewares/Third_Party/LoRaWAN/LmHandler/Packages -I../../Drivers/CMSIS/Device/ST/STM32WLxx/Include -I../../Middlewares/Third_Party/LoRaWAN/Crypto -I../../Middlewares/Third_Party/LoRaWAN/Mac/Region -I../../Middlewares/Third_Party/LoRaWAN/Mac -I../../Middlewares/Third_Party/LoRaWAN/LmHandler -I../../Middlewares/Third_Party/LoRaWAN/Utilities -I../../Middlewares/Third_Party/SubGHz_Phy -I../../Middlewares/Third_Party/SubGHz_Phy/stm32_radio_driver -I../../Drivers/CMSIS/Include -I../../Drivers/BSP/STM32WLxx_Nucleo -I../../X-CUBE-MEMS1/Target -I../../Drivers/BSP/Components/hts221 -Og -ffunction-sections -fdata-sections -Wall -fstack-usage -fcyclomatic-complexity -MMD -MP -MF"Application/User/Core/sensors/drv_terrain_umi.d" -MT"Application/User/Core/sensors/drv_terrain_umi.o" --specs=nano.specs -mfloat-abi=soft -mthumb -o "Application/User/Core/sensors/drv_terrain_umi.o"
arm-none-eabi-gcc "C:/Users/Utente/Desktop/UNIVERSITA/PROG.LOGICA/VASOINTELLIGENTE/LoRaWAN_End_Node/Core/Src/adc_if.c" -mcpu=cortex-m4 -std=gnu11 -g3 -DDEBUG -DCORE_CM4 -DUSE_HAL_DRIVER -DSTM32WL55xx -c -I../../Core/Inc -I"C:/Users/Utente/Desktop/UNIVERSITA/PROG.LOGICA/VASOINTELLIGENTE/LoRaWAN_End_Node/STM32CubeIDE/Application/User/Core/sensors" -I../../LoRaWAN/App -I../../LoRaWAN/Target -I../../Drivers/STM32WLxx_HAL_Driver/Inc -I../../Drivers/STM32WLxx_HAL_Driver/Inc/Legacy -I../../Utilities/trace/adv_trace -I../../Utilities/misc -I../../Utilities/sequencer -I../../Utilities/timer -I../../Utilities/lpm/tiny_lpm -I../../Middlewares/Third_Party/LoRaWAN/LmHandler/Packages -I../../Drivers/CMSIS/Device/ST/STM32WLxx/Include -I../../Middlewares/Third_Party/LoRaWAN/Crypto -I../../Middlewares/Third_Party/LoRaWAN/Mac/Region -I../../Middlewares/Third_Party/LoRaWAN/Mac -I../../Middlewares/Third_Party/LoRaWAN/LmHandler -I../../Middlewares/Third_Party/LoRaWAN/Utilities -I../../Middlewares/Third_Party/SubGHz_Phy -I../../Middlewares/Third_Party/SubGHz_Phy/stm32_radio_driver -I../../Drivers/CMSIS/Include -I../../Drivers/BSP/STM32WLxx_Nucleo -I../../X-CUBE-MEMS1/Target -I../../Drivers/BSP/Components/hts221 -Og -ffunction-sections -fdata-sections -Wall -fstack-usage -fcyclomatic-complexity -MMD -MP -MF"Application/User/Core/adc_if.d" -MT"Application/User/Core/adc_if.o" --specs=nano.specs -mfloat-abi=soft -mthumb -o "Application/User/Core/adc_if.o"
arm-none-eabi-gcc "C:/Users/Utente/Desktop/UNIVERSITA/PROG.LOGICA/VASOINTELLIGENTE/LoRaWAN_End_Node/Core/Src/main.c" -mcpu=cortex-m4 -std=gnu11 -g3 -DDEBUG -DCORE_CM4 -DUSE_HAL_DRIVER -DSTM32WL55xx -c -I../../Core/Inc -I"C:/Users/Utente/Desktop/UNIVERSITA/PROG.LOGICA/VASOINTELLIGENTE/LoRaWAN_End_Node/STM32CubeIDE/Application/User/Core/sensors" -I../../LoRaWAN/App -I../../LoRaWAN/Target -I../../Drivers/STM32WLxx_HAL_Driver/Inc -I../../Drivers/STM32WLxx_HAL_Driver/Inc/Legacy -I../../Utilities/trace/adv_trace -I../../Utilities/misc -I../../Utilities/sequencer -I../../Utilities/timer -I../../Utilities/lpm/tiny_lpm -I../../Middlewares/Third_Party/LoRaWAN/LmHandler/Packages -I../../Drivers/CMSIS/Device/ST/STM32WLxx/Include -I../../Middlewares/Third_Party/LoRaWAN/Crypto -I../../Middlewares/Third_Party/LoRaWAN/Mac/Region -I../../Middlewares/Third_Party/LoRaWAN/Mac -I../../Middlewares/Third_Party/LoRaWAN/LmHandler -I../../Middlewares/Third_Party/LoRaWAN/Utilities -I../../Middlewares/Third_Party/SubGHz_Phy -I../../Middlewares/Third_Party/SubGHz_Phy/stm32_radio_driver -I../../Drivers/CMSIS/Include -I../../Drivers/BSP/STM32WLxx_Nucleo -I../../X-CUBE-MEMS1/Target -I../../Drivers/BSP/Components/hts221 -Og -ffunction-sections -fdata-sections -Wall -fstack-usage -fcyclomatic-complexity -MMD -MP -MF"Application/User/Core/main.d" -MT"Application/User/Core/main.o" --specs=nano.specs -mfloat-abi=soft -mthumb -o "Application/User/Core/main.o"
arm-none-eabi-gcc "C:/Users/Utente/Desktop/UNIVERSITA/PROG.LOGICA/VASOINTELLIGENTE/LoRaWAN_End_Node/Core/Src/sys_app.c" -mcpu=cortex-m4 -std=gnu11 -g3 -DDEBUG -DCORE_CM4 -DUSE_HAL_DRIVER -DSTM32WL55xx -c -I../../Core/Inc -I"C:/Users/Utente/Desktop/UNIVERSITA/PROG.LOGICA/VASOINTELLIGENTE/LoRaWAN_End_Node/STM32CubeIDE/Application/User/Core/sensors" -I../../LoRaWAN/App -I../../LoRaWAN/Target -I../../Drivers/STM32WLxx_HAL_Driver/Inc -I../../Drivers/STM32WLxx_HAL_Driver/Inc/Legacy -I../../Utilities/trace/adv_trace -I../../Utilities/misc -I../../Utilities/sequencer -I../../Utilities/timer -I../../Utilities/lpm/tiny_lpm -I../../Middlewares/Third_Party/LoRaWAN/LmHandler/Packages -I../../Drivers/CMSIS/Device/ST/STM32WLxx/Include -I../../Middlewares/Third_Party/LoRaWAN/Crypto -I../../Middlewares/Third_Party/LoRaWAN/Mac/Region -I../../Middlewares/Third_Party/LoRaWAN/Mac -I../../Middlewares/Third_Party/LoRaWAN/LmHandler -I../../Middlewares/Third_Party/LoRaWAN/Utilities -I../../Middlewares/Third_Party/SubGHz_Phy -I../../Middlewares/Third_Party/SubGHz_Phy/stm32_radio_driver -I../../Drivers/CMSIS/Include -I../../Drivers/BSP/STM32WLxx_Nucleo -I../../X-CUBE-MEMS1/Target -I../../Drivers/BSP/Components/hts221 -Og -ffunction-sections -fdata-sections -Wall -fstack-usage -fcyclomatic-complexity -MMD -MP -MF"Application/User/Core/sys_app.d" -MT"Application/User/Core/sys_app.o" --specs=nano.specs -mfloat-abi=soft -mthumb -o "Application/User/Core/sys_app.o"
C:/Users/Utente/Desktop/UNIVERSITA/PROG.LOGICA/VASOINTELLIGENTE/LoRaWAN_End_Node/Core/Src/main.c: In function 'main':
C:/Users/Utente/Desktop/UNIVERSITA/PROG.LOGICA/VASOINTELLIGENTE/LoRaWAN_End_Node/Core/Src/main.c:93:3: error: too few arguments to function 'MX_ADC_Init'
   93 |   MX_ADC_Init();
      |   ^~~~~~~~~~~
In file included from C:/Users/Utente/Desktop/UNIVERSITA/PROG.LOGICA/VASOINTELLIGENTE/LoRaWAN_End_Node/Core/Src/main.c:25:
../../Core/Inc/adc.h:41:6: note: declared here
   41 | void MX_ADC_Init(ADC_HandleTypeDef new_hadc);
      |      ^~~~~~~~~~~
make: *** [Application/User/Core/subdir.mk:86: Application/User/Core/main.o] Error 1
make: *** Waiting for unfinished jobs....
C:/Users/Utente/Desktop/UNIVERSITA/PROG.LOGICA/VASOINTELLIGENTE/LoRaWAN_End_Node/Core/Src/adc_if.c: In function 'ADC_ReadChannels':
C:/Users/Utente/Desktop/UNIVERSITA/PROG.LOGICA/VASOINTELLIGENTE/LoRaWAN_End_Node/Core/Src/adc_if.c:189:15: error: incompatible type for argument 1 of 'MX_ADC_Init'
  189 |   MX_ADC_Init(&hadc);
      |               ^~~~~
      |               |
      |               ADC_HandleTypeDef *
In file included from ../../Core/Inc/adc_if.h:29,
                 from C:/Users/Utente/Desktop/UNIVERSITA/PROG.LOGICA/VASOINTELLIGENTE/LoRaWAN_End_Node/Core/Src/adc_if.c:22:
../../Core/Inc/adc.h:41:36: note: expected 'ADC_HandleTypeDef' but argument is of type 'ADC_HandleTypeDef *'
   41 | void MX_ADC_Init(ADC_HandleTypeDef new_hadc);
      |                  ~~~~~~~~~~~~~~~~~~^~~~~~~~
make: *** [Application/User/Core/subdir.mk:78: Application/User/Core/adc_if.o] Error 1
"make -j4 all" terminated with exit code 2. Build might be incomplete.
12:02:48 **** Incremental Build of configuration Debug for project LoRaWAN_End_Node ****
make -j4 all 
arm-none-eabi-gcc "C:/Users/Utente/Desktop/UNIVERSITA/PROG.LOGICA/VASOINTELLIGENTE/LoRaWAN_End_Node/Core/Src/adc_if.c" -mcpu=cortex-m4 -std=gnu11 -g3 -DDEBUG -DCORE_CM4 -DUSE_HAL_DRIVER -DSTM32WL55xx -c -I../../Core/Inc -I"C:/Users/Utente/Desktop/UNIVERSITA/PROG.LOGICA/VASOINTELLIGENTE/LoRaWAN_End_Node/STM32CubeIDE/Application/User/Core/sensors" -I../../LoRaWAN/App -I../../LoRaWAN/Target -I../../Drivers/STM32WLxx_HAL_Driver/Inc -I../../Drivers/STM32WLxx_HAL_Driver/Inc/Legacy -I../../Utilities/trace/adv_trace -I../../Utilities/misc -I../../Utilities/sequencer -I../../Utilities/timer -I../../Utilities/lpm/tiny_lpm -I../../Middlewares/Third_Party/LoRaWAN/LmHandler/Packages -I../../Drivers/CMSIS/Device/ST/STM32WLxx/Include -I../../Middlewares/Third_Party/LoRaWAN/Crypto -I../../Middlewares/Third_Party/LoRaWAN/Mac/Region -I../../Middlewares/Third_Party/LoRaWAN/Mac -I../../Middlewares/Third_Party/LoRaWAN/LmHandler -I../../Middlewares/Third_Party/LoRaWAN/Utilities -I../../Middlewares/Third_Party/SubGHz_Phy -I../../Middlewares/Third_Party/SubGHz_Phy/stm32_radio_driver -I../../Drivers/CMSIS/Include -I../../Drivers/BSP/STM32WLxx_Nucleo -I../../X-CUBE-MEMS1/Target -I../../Drivers/BSP/Components/hts221 -Og -ffunction-sections -fdata-sections -Wall -fstack-usage -fcyclomatic-complexity -MMD -MP -MF"Application/User/Core/adc_if.d" -MT"Application/User/Core/adc_if.o" --specs=nano.specs -mfloat-abi=soft -mthumb -o "Application/User/Core/adc_if.o"
arm-none-eabi-gcc "C:/Users/Utente/Desktop/UNIVERSITA/PROG.LOGICA/VASOINTELLIGENTE/LoRaWAN_End_Node/Core/Src/main.c" -mcpu=cortex-m4 -std=gnu11 -g3 -DDEBUG -DCORE_CM4 -DUSE_HAL_DRIVER -DSTM32WL55xx -c -I../../Core/Inc -I"C:/Users/Utente/Desktop/UNIVERSITA/PROG.LOGICA/VASOINTELLIGENTE/LoRaWAN_End_Node/STM32CubeIDE/Application/User/Core/sensors" -I../../LoRaWAN/App -I../../LoRaWAN/Target -I../../Drivers/STM32WLxx_HAL_Driver/Inc -I../../Drivers/STM32WLxx_HAL_Driver/Inc/Legacy -I../../Utilities/trace/adv_trace -I../../Utilities/misc -I../../Utilities/sequencer -I../../Utilities/timer -I../../Utilities/lpm/tiny_lpm -I../../Middlewares/Third_Party/LoRaWAN/LmHandler/Packages -I../../Drivers/CMSIS/Device/ST/STM32WLxx/Include -I../../Middlewares/Third_Party/LoRaWAN/Crypto -I../../Middlewares/Third_Party/LoRaWAN/Mac/Region -I../../Middlewares/Third_Party/LoRaWAN/Mac -I../../Middlewares/Third_Party/LoRaWAN/LmHandler -I../../Middlewares/Third_Party/LoRaWAN/Utilities -I../../Middlewares/Third_Party/SubGHz_Phy -I../../Middlewares/Third_Party/SubGHz_Phy/stm32_radio_driver -I../../Drivers/CMSIS/Include -I../../Drivers/BSP/STM32WLxx_Nucleo -I../../X-CUBE-MEMS1/Target -I../../Drivers/BSP/Components/hts221 -Og -ffunction-sections -fdata-sections -Wall -fstack-usage -fcyclomatic-complexity -MMD -MP -MF"Application/User/Core/main.d" -MT"Application/User/Core/main.o" --specs=nano.specs -mfloat-abi=soft -mthumb -o "Application/User/Core/main.o"
arm-none-eabi-gcc "C:/Users/Utente/Desktop/UNIVERSITA/PROG.LOGICA/VASOINTELLIGENTE/LoRaWAN_End_Node/Core/Src/sys_sensors.c" -mcpu=cortex-m4 -std=gnu11 -g3 -DDEBUG -DCORE_CM4 -DUSE_HAL_DRIVER -DSTM32WL55xx -c -I../../Core/Inc -I"C:/Users/Utente/Desktop/UNIVERSITA/PROG.LOGICA/VASOINTELLIGENTE/LoRaWAN_End_Node/STM32CubeIDE/Application/User/Core/sensors" -I../../LoRaWAN/App -I../../LoRaWAN/Target -I../../Drivers/STM32WLxx_HAL_Driver/Inc -I../../Drivers/STM32WLxx_HAL_Driver/Inc/Legacy -I../../Utilities/trace/adv_trace -I../../Utilities/misc -I../../Utilities/sequencer -I../../Utilities/timer -I../../Utilities/lpm/tiny_lpm -I../../Middlewares/Third_Party/LoRaWAN/LmHandler/Packages -I../../Drivers/CMSIS/Device/ST/STM32WLxx/Include -I../../Middlewares/Third_Party/LoRaWAN/Crypto -I../../Middlewares/Third_Party/LoRaWAN/Mac/Region -I../../Middlewares/Third_Party/LoRaWAN/Mac -I../../Middlewares/Third_Party/LoRaWAN/LmHandler -I../../Middlewares/Third_Party/LoRaWAN/Utilities -I../../Middlewares/Third_Party/SubGHz_Phy -I../../Middlewares/Third_Party/SubGHz_Phy/stm32_radio_driver -I../../Drivers/CMSIS/Include -I../../Drivers/BSP/STM32WLxx_Nucleo -I../../X-CUBE-MEMS1/Target -I../../Drivers/BSP/Components/hts221 -Og -ffunction-sections -fdata-sections -Wall -fstack-usage -fcyclomatic-complexity -MMD -MP -MF"Application/User/Core/sys_sensors.d" -MT"Application/User/Core/sys_sensors.o" --specs=nano.specs -mfloat-abi=soft -mthumb -o "Application/User/Core/sys_sensors.o"
C:/Users/Utente/Desktop/UNIVERSITA/PROG.LOGICA/VASOINTELLIGENTE/LoRaWAN_End_Node/Core/Src/main.c: In function 'main':
C:/Users/Utente/Desktop/UNIVERSITA/PROG.LOGICA/VASOINTELLIGENTE/LoRaWAN_End_Node/Core/Src/main.c:93:3: error: too few arguments to function 'MX_ADC_Init'
   93 |   MX_ADC_Init();
      |   ^~~~~~~~~~~
In file included from C:/Users/Utente/Desktop/UNIVERSITA/PROG.LOGICA/VASOINTELLIGENTE/LoRaWAN_End_Node/Core/Src/main.c:25:
../../Core/Inc/adc.h:41:6: note: declared here
   41 | void MX_ADC_Init(ADC_HandleTypeDef new_hadc);
      |      ^~~~~~~~~~~
make: *** [Application/User/Core/subdir.mk:86: Application/User/Core/main.o] Error 1
make: *** Waiting for unfinished jobs....
"make -j4 all" terminated with exit code 2. Build might be incomplete.
12:03:11 **** Incremental Build of configuration Debug for project LoRaWAN_End_Node ****
make -j4 all 
[...]
arm-none-eabi-gcc "C:/Users/Utente/Desktop/UNIVERSITA/PROG.LOGICA/VASOINTELLIGENTE/LoRaWAN_End_Node/Core/Src/adc_if.c" -mcpu=cortex-m4 -std=gnu11 -g3 -DDEBUG -DCORE_CM4 -DUSE_HAL_DRIVER -DSTM32WL55xx -c -I../../Core/Inc -I"C:/Users/Utente/Desktop/UNIVERSITA/PROG.LOGICA/VASOINTELLIGENTE/LoRaWAN_End_Node/STM32CubeIDE/Application/User/Core/sensors" -I../../LoRaWAN/App -I../../LoRaWAN/Target -I../../Drivers/STM32WLxx_HAL_Driver/Inc -I../../Drivers/STM32WLxx_HAL_Driver/Inc/Legacy -I../../Utilities/trace/adv_trace -I../../Utilities/misc -I../../Utilities/sequencer -I../../Utilities/timer -I../../Utilities/lpm/tiny_lpm -I../../Middlewares/Third_Party/LoRaWAN/LmHandler/Packages -I../../Drivers/CMSIS/Device/ST/STM32WLxx/Include -I../../Middlewares/Third_Party/LoRaWAN/Crypto -I../../Middlewares/Third_Party/LoRaWAN/Mac/Region -I../../Middlewares/Third_Party/LoRaWAN/Mac -I../../Middlewares/Third_Party/LoRaWAN/LmHandler -I../../Middlewares/Third_Party/LoRaWAN/Utilities -I../../Middlewares/Third_Party/SubGHz_Phy -I../../Middlewares/Third_Party/SubGHz_Phy/stm32_radio_driver -I../../Drivers/CMSIS/Include -I../../Drivers/BSP/STM32WLxx_Nucleo -I../../X-CUBE-MEMS1/Target -I../../Drivers/BSP/Components/hts221 -Og -ffunction-sections -fdata-sections -Wall -fstack-usage -fcyclomatic-complexity -MMD -MP -MF"Application/User/Core/adc_if.d" -MT"Application/User/Core/adc_if.o" --specs=nano.specs -mfloat-abi=soft -mthumb -o "Application/User/Core/adc_if.o"
../Application/User/Core/sensors/drv_terrain_umi.c: In function 'drv_terrain_humi_Read':
../Application/User/Core/sensors/drv_terrain_umi.c:16:21: error: 'new_hadc' undeclared (first use in this function)
   16 |         MX_ADC_Init(new_hadc);
      |                     ^~~~~~~~
../Application/User/Core/sensors/drv_terrain_umi.c:16:21: note: each undeclared identifier is reported only once for each function it appears in
../Application/User/Core/sensors/drv_terrain_umi.c:33:15: warning: unused variable 'value' [-Wunused-variable]
   33 |      uint16_t value = HAL_ADC_GetValue(&hadc);
      |               ^~~~~
../Application/User/Core/sensors/drv_terrain_umi.c:36:1: warning: control reaches end of non-void function [-Wreturn-type]
   36 | }
      | ^
make: *** [Application/User/Core/sensors/subdir.mk:25: Application/User/Core/sensors/drv_terrain_umi.o] Error 1
make: *** Waiting for unfinished jobs....
"make -j4 all" terminated with exit code 2. Build might be incomplete.
15:18:21 **** Incremental Build of configuration Debug for project LoRaWAN_End_Node ****
make -j4 all 
arm-none-eabi-gcc "../Application/User/Core/sensors/drv_terrain_umi.c" -mcpu=cortex-m4 -std=gnu11 -g3 -DDEBUG -DCORE_CM4 -DUSE_HAL_DRIVER -DSTM32WL55xx -c -I../../Core/Inc -I"C:/Users/Utente/Desktop/UNIVERSITA/PROG.LOGICA/VASOINTELLIGENTE/LoRaWAN_End_Node/STM32CubeIDE/Application/User/Core/sensors" -I../../LoRaWAN/App -I../../LoRaWAN/Target -I../../Drivers/STM32WLxx_HAL_Driver/Inc -I../../Drivers/STM32WLxx_HAL_Driver/Inc/Legacy -I../../Utilities/trace/adv_trace -I../../Utilities/misc -I../../Utilities/sequencer -I../../Utilities/timer -I../../Utilities/lpm/tiny_lpm -I../../Middlewares/Third_Party/LoRaWAN/LmHandler/Packages -I../../Drivers/CMSIS/Device/ST/STM32WLxx/Include -I../../Middlewares/Third_Party/LoRaWAN/Crypto -I../../Middlewares/Third_Party/LoRaWAN/Mac/Region -I../../Middlewares/Third_Party/LoRaWAN/Mac -I../../Middlewares/Third_Party/LoRaWAN/LmHandler -I../../Middlewares/Third_Party/LoRaWAN/Utilities -I../../Middlewares/Third_Party/SubGHz_Phy -I../../Middlewares/Third_Party/SubGHz_Phy/stm32_radio_driver -I../../Drivers/CMSIS/Include -I../../Drivers/BSP/STM32WLxx_Nucleo -I../../X-CUBE-MEMS1/Target -I../../Drivers/BSP/Components/hts221 -Og -ffunction-sections -fdata-sections -Wall -fstack-usage -fcyclomatic-complexity -MMD -MP -MF"Application/User/Core/sensors/drv_terrain_umi.d" -MT"Application/User/Core/sensors/drv_terrain_umi.o" --specs=nano.specs -mfloat-abi=soft -mthumb -o "Application/User/Core/sensors/drv_terrain_umi.o"
arm-none-eabi-gcc "C:/Users/Utente/Desktop/UNIVERSITA/PROG.LOGICA/VASOINTELLIGENTE/LoRaWAN_End_Node/Core/Src/main.c" -mcpu=cortex-m4 -std=gnu11 -g3 -DDEBUG -DCORE_CM4 -DUSE_HAL_DRIVER -DSTM32WL55xx -c -I../../Core/Inc -I"C:/Users/Utente/Desktop/UNIVERSITA/PROG.LOGICA/VASOINTELLIGENTE/LoRaWAN_End_Node/STM32CubeIDE/Application/User/Core/sensors" -I../../LoRaWAN/App -I../../LoRaWAN/Target -I../../Drivers/STM32WLxx_HAL_Driver/Inc -I../../Drivers/STM32WLxx_HAL_Driver/Inc/Legacy -I../../Utilities/trace/adv_trace -I../../Utilities/misc -I../../Utilities/sequencer -I../../Utilities/timer -I../../Utilities/lpm/tiny_lpm -I../../Middlewares/Third_Party/LoRaWAN/LmHandler/Packages -I../../Drivers/CMSIS/Device/ST/STM32WLxx/Include -I../../Middlewares/Third_Party/LoRaWAN/Crypto -I../../Middlewares/Third_Party/LoRaWAN/Mac/Region -I../../Middlewares/Third_Party/LoRaWAN/Mac -I../../Middlewares/Third_Party/LoRaWAN/LmHandler -I../../Middlewares/Third_Party/LoRaWAN/Utilities -I../../Middlewares/Third_Party/SubGHz_Phy -I../../Middlewares/Third_Party/SubGHz_Phy/stm32_radio_driver -I../../Drivers/CMSIS/Include -I../../Drivers/BSP/STM32WLxx_Nucleo -I../../X-CUBE-MEMS1/Target -I../../Drivers/BSP/Components/hts221 -Og -ffunction-sections -fdata-sections -Wall -fstack-usage -fcyclomatic-complexity -MMD -MP -MF"Application/User/Core/main.d" -MT"Application/User/Core/main.o" --specs=nano.specs -mfloat-abi=soft -mthumb -o "Application/User/Core/main.o"
arm-none-eabi-gcc "C:/Users/Utente/Desktop/UNIVERSITA/PROG.LOGICA/VASOINTELLIGENTE/LoRaWAN_End_Node/Core/Src/sys_app.c" -mcpu=cortex-m4 -std=gnu11 -g3 -DDEBUG -DCORE_CM4 -DUSE_HAL_DRIVER -DSTM32WL55xx -c -I../../Core/Inc -I"C:/Users/Utente/Desktop/UNIVERSITA/PROG.LOGICA/VASOINTELLIGENTE/LoRaWAN_End_Node/STM32CubeIDE/Application/User/Core/sensors" -I../../LoRaWAN/App -I../../LoRaWAN/Target -I../../Drivers/STM32WLxx_HAL_Driver/Inc -I../../Drivers/STM32WLxx_HAL_Driver/Inc/Legacy -I../../Utilities/trace/adv_trace -I../../Utilities/misc -I../../Utilities/sequencer -I../../Utilities/timer -I../../Utilities/lpm/tiny_lpm -I../../Middlewares/Third_Party/LoRaWAN/LmHandler/Packages -I../../Drivers/CMSIS/Device/ST/STM32WLxx/Include -I../../Middlewares/Third_Party/LoRaWAN/Crypto -I../../Middlewares/Third_Party/LoRaWAN/Mac/Region -I../../Middlewares/Third_Party/LoRaWAN/Mac -I../../Middlewares/Third_Party/LoRaWAN/LmHandler -I../../Middlewares/Third_Party/LoRaWAN/Utilities -I../../Middlewares/Third_Party/SubGHz_Phy -I../../Middlewares/Third_Party/SubGHz_Phy/stm32_radio_driver -I../../Drivers/CMSIS/Include -I../../Drivers/BSP/STM32WLxx_Nucleo -I../../X-CUBE-MEMS1/Target -I../../Drivers/BSP/Components/hts221 -Og -ffunction-sections -fdata-sections -Wall -fstack-usage -fcyclomatic-complexity -MMD -MP -MF"Application/User/Core/sys_app.d" -MT"Application/User/Core/sys_app.o" --specs=nano.specs -mfloat-abi=soft -mthumb -o "Application/User/Core/sys_app.o"
arm-none-eabi-gcc "C:/Users/Utente/Desktop/UNIVERSITA/PROG.LOGICA/VASOINTELLIGENTE/LoRaWAN_End_Node/Core/Src/sys_sensors.c" -mcpu=cortex-m4 -std=gnu11 -g3 -DDEBUG -DCORE_CM4 -DUSE_HAL_DRIVER -DSTM32WL55xx -c -I../../Core/Inc -I"C:/Users/Utente/Desktop/UNIVERSITA/PROG.LOGICA/VASOINTELLIGENTE/LoRaWAN_End_Node/STM32CubeIDE/Application/User/Core/sensors" -I../../LoRaWAN/App -I../../LoRaWAN/Target -I../../Drivers/STM32WLxx_HAL_Driver/Inc -I../../Drivers/STM32WLxx_HAL_Driver/Inc/Legacy -I../../Utilities/trace/adv_trace -I../../Utilities/misc -I../../Utilities/sequencer -I../../Utilities/timer -I../../Utilities/lpm/tiny_lpm -I../../Middlewares/Third_Party/LoRaWAN/LmHandler/Packages -I../../Drivers/CMSIS/Device/ST/STM32WLxx/Include -I../../Middlewares/Third_Party/LoRaWAN/Crypto -I../../Middlewares/Third_Party/LoRaWAN/Mac/Region -I../../Middlewares/Third_Party/LoRaWAN/Mac -I../../Middlewares/Third_Party/LoRaWAN/LmHandler -I../../Middlewares/Third_Party/LoRaWAN/Utilities -I../../Middlewares/Third_Party/SubGHz_Phy -I../../Middlewares/Third_Party/SubGHz_Phy/stm32_radio_driver -I../../Drivers/CMSIS/Include -I../../Drivers/BSP/STM32WLxx_Nucleo -I../../X-CUBE-MEMS1/Target -I../../Drivers/BSP/Components/hts221 -Og -ffunction-sections -fdata-sections -Wall -fstack-usage -fcyclomatic-complexity -MMD -MP -MF"Application/User/Core/sys_sensors.d" -MT"Application/User/Core/sys_sensors.o" --specs=nano.specs -mfloat-abi=soft -mthumb -o "Application/User/Core/sys_sensors.o"
C:/Users/Utente/Desktop/UNIVERSITA/PROG.LOGICA/VASOINTELLIGENTE/LoRaWAN_End_Node/Core/Src/main.c: In function 'main':
C:/Users/Utente/Desktop/UNIVERSITA/PROG.LOGICA/VASOINTELLIGENTE/LoRaWAN_End_Node/Core/Src/main.c:94:3: warning: implicit declaration of function 'drv_terrain_humi_Init'; did you mean 'drv_terrain_humi_Read'? [-Wimplicit-function-declaration]
   94 |   drv_terrain_humi_Init();
      |   ^~~~~~~~~~~~~~~~~~~~~
      |   drv_terrain_humi_Read
arm-none-eabi-gcc -o "LoRaWAN_End_Node.elf" @"objects.list"   -mcpu=cortex-m4 -T"C:\Users\Utente\Desktop\UNIVERSITA\PROG.LOGICA\VASOINTELLIGENTE\LoRaWAN_End_Node\STM32CubeIDE\STM32WL55JCIX_FLASH.ld" --specs=nosys.specs -Wl,-Map="LoRaWAN_End_Node.map" -Wl,--gc-sections -static --specs=nano.specs -mfloat-abi=soft -mthumb -Wl,--start-group -lc -lm -Wl,--end-group
C:/ST/STM32CubeIDE_1.13.2/STM32CubeIDE/plugins/com.st.stm32cube.ide.mcu.externaltools.gnu-tools-for-stm32.11.3.rel1.win32_1.1.1.202309131626/tools/bin/../lib/gcc/arm-none-eabi/11.3.1/../../../../arm-none-eabi/bin/ld.exe: ./Application/User/Core/main.o: in function `main':
C:/Users/Utente/Desktop/UNIVERSITA/PROG.LOGICA/VASOINTELLIGENTE/LoRaWAN_End_Node/Core/Src/main.c:94: undefined reference to `drv_terrain_humi_Init'
collect2.exe: error: ld returned 1 exit status
make: *** [makefile:73: LoRaWAN_End_Node.elf] Error 1
"make -j4 all" terminated with exit code 2. Build might be incomplete.
15:18:56 **** Incremental Build of configuration Debug for project LoRaWAN_End_Node ****
make -j4 all 
arm-none-eabi-gcc "C:/Users/Utente/Desktop/UNIVERSITA/PROG.LOGICA/VASOINTELLIGENTE/LoRaWAN_End_Node/Core/Src/main.c" -mcpu=cortex-m4 -std=gnu11 -g3 -DDEBUG -DCORE_CM4 -DUSE_HAL_DRIVER -DSTM32WL55xx -c -I../../Core/Inc -I"C:/Users/Utente/Desktop/UNIVERSITA/PROG.LOGICA/VASOINTELLIGENTE/LoRaWAN_End_Node/STM32CubeIDE/Application/User/Core/sensors" -I../../LoRaWAN/App -I../../LoRaWAN/Target -I../../Drivers/STM32WLxx_HAL_Driver/Inc -I../../Drivers/STM32WLxx_HAL_Driver/Inc/Legacy -I../../Utilities/trace/adv_trace -I../../Utilities/misc -I../../Utilities/sequencer -I../../Utilities/timer -I../../Utilities/lpm/tiny_lpm -I../../Middlewares/Third_Party/LoRaWAN/LmHandler/Packages -I../../Drivers/CMSIS/Device/ST/STM32WLxx/Include -I../../Middlewares/Third_Party/LoRaWAN/Crypto -I../../Middlewares/Third_Party/LoRaWAN/Mac/Region -I../../Middlewares/Third_Party/LoRaWAN/Mac -I../../Middlewares/Third_Party/LoRaWAN/LmHandler -I../../Middlewares/Third_Party/LoRaWAN/Utilities -I../../Middlewares/Third_Party/SubGHz_Phy -I../../Middlewares/Third_Party/SubGHz_Phy/stm32_radio_driver -I../../Drivers/CMSIS/Include -I../../Drivers/BSP/STM32WLxx_Nucleo -I../../X-CUBE-MEMS1/Target -I../../Drivers/BSP/Components/hts221 -Og -ffunction-sections -fdata-sections -Wall -fstack-usage -fcyclomatic-complexity -MMD -MP -MF"Application/User/Core/main.d" -MT"Application/User/Core/main.o" --specs=nano.specs -mfloat-abi=soft -mthumb -o "Application/User/Core/main.o"
arm-none-eabi-gcc -o "LoRaWAN_End_Node.elf" @"objects.list"   -mcpu=cortex-m4 -T"C:\Users\Utente\Desktop\UNIVERSITA\PROG.LOGICA\VASOINTELLIGENTE\LoRaWAN_End_Node\STM32CubeIDE\STM32WL55JCIX_FLASH.ld" --specs=nosys.specs -Wl,-Map="LoRaWAN_End_Node.map" -Wl,--gc-sections -static --specs=nano.specs -mfloat-abi=soft -mthumb -Wl,--start-group -lc -lm -Wl,--end-group
Finished building target: LoRaWAN_End_Node.elf
 
arm-none-eabi-size   LoRaWAN_End_Node.elf 
arm-none-eabi-objdump -h -S  LoRaWAN_End_Node.elf  > "LoRaWAN_End_Node.list"
   text	   data	    bss	    dec	    hex	filename
  83976	    280	  11128	  95384	  17498	LoRaWAN_End_Node.elf
Finished building: default.size.stdout
 
Finished building: LoRaWAN_End_Node.list
 
15:22:53 **** Incremental Build of configuration Debug for project LoRaWAN_End_Node ****
make -j4 all 
arm-none-eabi-size   LoRaWAN_End_Node.elf 
   text	   data	    bss	    dec	    hex	filename
  83976	    280	  11128	  95384	  17498	LoRaWAN_End_Node.elf
Finished building: default.size.stdout
 
15:25:18 **** Incremental Build of configuration Debug for project LoRaWAN_End_Node ****
make -j4 all 
arm-none-eabi-gcc "C:/Users/Utente/Desktop/UNIVERSITA/PROG.LOGICA/VASOINTELLIGENTE/LoRaWAN_End_Node/Middlewares/Third_Party/LoRaWAN/LmHandler/LmHandler.c" -mcpu=cortex-m4 -std=gnu11 -g3 -DDEBUG -DCORE_CM4 -DUSE_HAL_DRIVER -DSTM32WL55xx -c -I../../Core/Inc -I"C:/Users/Utente/Desktop/UNIVERSITA/PROG.LOGICA/VASOINTELLIGENTE/LoRaWAN_End_Node/STM32CubeIDE/Application/User/Core/sensors" -I../../LoRaWAN/App -I../../LoRaWAN/Target -I../../Drivers/STM32WLxx_HAL_Driver/Inc -I../../Drivers/STM32WLxx_HAL_Driver/Inc/Legacy -I../../Utilities/trace/adv_trace -I../../Utilities/misc -I../../Utilities/sequencer -I../../Utilities/timer -I../../Utilities/lpm/tiny_lpm -I../../Middlewares/Third_Party/LoRaWAN/LmHandler/Packages -I../../Drivers/CMSIS/Device/ST/STM32WLxx/Include -I../../Middlewares/Third_Party/LoRaWAN/Crypto -I../../Middlewares/Third_Party/LoRaWAN/Mac/Region -I../../Middlewares/Third_Party/LoRaWAN/Mac -I../../Middlewares/Third_Party/LoRaWAN/LmHandler -I../../Middlewares/Third_Party/LoRaWAN/Utilities -I../../Middlewares/Third_Party/SubGHz_Phy -I../../Middlewares/Third_Party/SubGHz_Phy/stm32_radio_driver -I../../Drivers/CMSIS/Include -I../../Drivers/BSP/STM32WLxx_Nucleo -I../../X-CUBE-MEMS1/Target -I../../Drivers/BSP/Components/hts221 -Og -ffunction-sections -fdata-sections -Wall -fstack-usage -fcyclomatic-complexity -MMD -MP -MF"Middlewares/LoRaWAN/LmHandler.d" -MT"Middlewares/LoRaWAN/LmHandler.o" --specs=nano.specs -mfloat-abi=soft -mthumb -o "Middlewares/LoRaWAN/LmHandler.o"
arm-none-eabi-gcc "C:/Users/Utente/Desktop/UNIVERSITA/PROG.LOGICA/VASOINTELLIGENTE/LoRaWAN_End_Node/Middlewares/Third_Party/LoRaWAN/Crypto/soft-se.c" -mcpu=cortex-m4 -std=gnu11 -g3 -DDEBUG -DCORE_CM4 -DUSE_HAL_DRIVER -DSTM32WL55xx -c -I../../Core/Inc -I"C:/Users/Utente/Desktop/UNIVERSITA/PROG.LOGICA/VASOINTELLIGENTE/LoRaWAN_End_Node/STM32CubeIDE/Application/User/Core/sensors" -I../../LoRaWAN/App -I../../LoRaWAN/Target -I../../Drivers/STM32WLxx_HAL_Driver/Inc -I../../Drivers/STM32WLxx_HAL_Driver/Inc/Legacy -I../../Utilities/trace/adv_trace -I../../Utilities/misc -I../../Utilities/sequencer -I../../Utilities/timer -I../../Utilities/lpm/tiny_lpm -I../../Middlewares/Third_Party/LoRaWAN/LmHandler/Packages -I../../Drivers/CMSIS/Device/ST/STM32WLxx/Include -I../../Middlewares/Third_Party/LoRaWAN/Crypto -I../../Middlewares/Third_Party/LoRaWAN/Mac/Region -I../../Middlewares/Third_Party/LoRaWAN/Mac -I../../Middlewares/Third_Party/LoRaWAN/LmHandler -I../../Middlewares/Third_Party/LoRaWAN/Utilities -I../../Middlewares/Third_Party/SubGHz_Phy -I../../Middlewares/Third_Party/SubGHz_Phy/stm32_radio_driver -I../../Drivers/CMSIS/Include -I../../Drivers/BSP/STM32WLxx_Nucleo -I../../X-CUBE-MEMS1/Target -I../../Drivers/BSP/Components/hts221 -Og -ffunction-sections -fdata-sections -Wall -fstack-usage -fcyclomatic-complexity -MMD -MP -MF"Middlewares/LoRaWAN/soft-se.d" -MT"Middlewares/LoRaWAN/soft-se.o" --specs=nano.specs -mfloat-abi=soft -mthumb -o "Middlewares/LoRaWAN/soft-se.o"
arm-none-eabi-gcc -o "LoRaWAN_End_Node.elf" @"objects.list"   -mcpu=cortex-m4 -T"C:\Users\Utente\Desktop\UNIVERSITA\PROG.LOGICA\VASOINTELLIGENTE\LoRaWAN_End_Node\STM32CubeIDE\STM32WL55JCIX_FLASH.ld" --specs=nosys.specs -Wl,-Map="LoRaWAN_End_Node.map" -Wl,--gc-sections -static --specs=nano.specs -mfloat-abi=soft -mthumb -Wl,--start-group -lc -lm -Wl,--end-group
Finished building target: LoRaWAN_End_Node.elf
 
arm-none-eabi-size   LoRaWAN_End_Node.elf 
arm-none-eabi-objdump -h -S  LoRaWAN_End_Node.elf  > "LoRaWAN_End_Node.list"
   text	   data	    bss	    dec	    hex	filename
  83976	    280	  11128	  95384	  17498	LoRaWAN_End_Node.elf
Finished building: default.size.stdout
 
Finished building: LoRaWAN_End_Node.list
 
15:46:05 **** Incremental Build of configuration Debug for project LoRaWAN_End_Node ****
make -j4 all 
arm-none-eabi-size   LoRaWAN_End_Node.elf 
   text	   data	    bss	    dec	    hex	filename
  83976	    280	  11128	  95384	  17498	LoRaWAN_End_Node.elf
Finished building: default.size.stdout
 
16:39:57 **** Incremental Build of configuration Debug for project LoRaWAN_End_Node ****
make -j4 all 
arm-none-eabi-gcc "C:/Users/Utente/Desktop/UNIVERSITA/PROG.LOGICA/VASOINTELLIGENTE/LoRaWAN_End_Node/Core/Src/sys_sensors.c" -mcpu=cortex-m4 -std=gnu11 -g3 -DDEBUG -DCORE_CM4 -DUSE_HAL_DRIVER -DSTM32WL55xx -c -I../../Core/Inc -I"C:/Users/Utente/Desktop/UNIVERSITA/PROG.LOGICA/VASOINTELLIGENTE/LoRaWAN_End_Node/STM32CubeIDE/Application/User/Core/sensors" -I../../LoRaWAN/App -I../../LoRaWAN/Target -I../../Drivers/STM32WLxx_HAL_Driver/Inc -I../../Drivers/STM32WLxx_HAL_Driver/Inc/Legacy -I../../Utilities/trace/adv_trace -I../../Utilities/misc -I../../Utilities/sequencer -I../../Utilities/timer -I../../Utilities/lpm/tiny_lpm -I../../Middlewares/Third_Party/LoRaWAN/LmHandler/Packages -I../../Drivers/CMSIS/Device/ST/STM32WLxx/Include -I../../Middlewares/Third_Party/LoRaWAN/Crypto -I../../Middlewares/Third_Party/LoRaWAN/Mac/Region -I../../Middlewares/Third_Party/LoRaWAN/Mac -I../../Middlewares/Third_Party/LoRaWAN/LmHandler -I../../Middlewares/Third_Party/LoRaWAN/Utilities -I../../Middlewares/Third_Party/SubGHz_Phy -I../../Middlewares/Third_Party/SubGHz_Phy/stm32_radio_driver -I../../Drivers/CMSIS/Include -I../../Drivers/BSP/STM32WLxx_Nucleo -I../../X-CUBE-MEMS1/Target -I../../Drivers/BSP/Components/hts221 -Og -ffunction-sections -fdata-sections -Wall -fstack-usage -fcyclomatic-complexity -MMD -MP -MF"Application/User/Core/sys_sensors.d" -MT"Application/User/Core/sys_sensors.o" --specs=nano.specs -mfloat-abi=soft -mthumb -o "Application/User/Core/sys_sensors.o"
arm-none-eabi-gcc -o "LoRaWAN_End_Node.elf" @"objects.list"   -mcpu=cortex-m4 -T"C:\Users\Utente\Desktop\UNIVERSITA\PROG.LOGICA\VASOINTELLIGENTE\LoRaWAN_End_Node\STM32CubeIDE\STM32WL55JCIX_FLASH.ld" --specs=nosys.specs -Wl,-Map="LoRaWAN_End_Node.map" -Wl,--gc-sections -static --specs=nano.specs -mfloat-abi=soft -mthumb -Wl,--start-group -lc -lm -Wl,--end-group
Finished building target: LoRaWAN_End_Node.elf
 
arm-none-eabi-size   LoRaWAN_End_Node.elf 
arm-none-eabi-objdump -h -S  LoRaWAN_End_Node.elf  > "LoRaWAN_End_Node.list"
   text	   data	    bss	    dec	    hex	filename
  83984	    280	  11128	  95392	  174a0	LoRaWAN_End_Node.elf
Finished building: default.size.stdout
 
Finished building: LoRaWAN_End_Node.list
 
