16:39:57 **** Incremental Build of configuration Debug for project LoRaWAN_End_Node ****
make -j4 all 
arm-none-eabi-gcc "C:/Users/Utente/Desktop/UNIVERSITA/PROG.LOGICA/VASOINTELLIGENTE/LoRaWAN_End_Node/Core/Src/sys_sensors.c" -mcpu=cortex-m4 -std=gnu11 -g3 -DDEBUG -DCORE_CM4 -DUSE_HAL_DRIVER -DSTM32WL55xx -c -I../../Core/Inc -I"C:/Users/Utente/Desktop/UNIVERSITA/PROG.LOGICA/VASOINTELLIGENTE/LoRaWAN_End_Node/STM32CubeIDE/Application/User/Core/sensors" -I../../LoRaWAN/App -I../../LoRaWAN/Target -I../../Drivers/STM32WLxx_HAL_Driver/Inc -I../../Drivers/STM32WLxx_HAL_Driver/Inc/Legacy -I../../Utilities/trace/adv_trace -I../../Utilities/misc -I../../Utilities/sequencer -I../../Utilities/timer -I../../Utilities/lpm/tiny_lpm -I../../Middlewares/Third_Party/LoRaWAN/LmHandler/Packages -I../../Drivers/CMSIS/Device/ST/STM32WLxx/Include -I../../Middlewares/Third_Party/LoRaWAN/Crypto -I../../Middlewares/Third_Party/LoRaWAN/Mac/Region -I../../Middlewares/Third_Party/LoRaWAN/Mac -I../../Middlewares/Third_Party/LoRaWAN/LmHandler -I../../Middlewares/Third_Party/LoRaWAN/Utilities -I../../Middlewares/Third_Party/SubGHz_Phy -I../../Middlewares/Third_Party/SubGHz_Phy/stm32_radio_driver -I../../Drivers/CMSIS/Include -I../../Drivers/BSP/STM32WLxx_Nucleo -I../../X-CUBE-MEMS1/Target -I../../Drivers/BSP/Components/hts221 -Og -ffunction-sections -fdata-sections -Wall -fstack-usage -fcyclomatic-complexity -MMD -MP -MF"Application/User/Core/sys_sensors.d" -MT"Application/User/Core/sys_sensors.o" --specs=nano.specs -mfloat-abi=soft -mthumb -o "Application/User/Core/sys_sensors.o"
arm-none-eabi-gcc -o "LoRaWAN_End_Node.elf" @"objects.list"   -mcpu=cortex-m4 -T"C:\Users\Utente\Desktop\UNIVERSITA\PROG.LOGICA\VASOINTELLIGENTE\LoRaWAN_End_Node\STM32CubeIDE\STM32WL55JCIX_FLASH.ld" --specs=nosys.specs -Wl,-Map="LoRaWAN_End_Node.map" -Wl,--gc-sections -static --specs=nano.specs -mfloat-abi=soft -mthumb -Wl,--start-group -lc -lm -Wl,--end-group
Finished building target: LoRaWAN_End_Node.elf
 
arm-none-eabi-size   LoRaWAN_End_Node.elf 
arm-none-eabi-objdump -h -S  LoRaWAN_End_Node.elf  > "LoRaWAN_End_Node.list"
   text	   data	    bss	    dec	    hex	filename
  83984	    280	  11128	  95392	  174a0	LoRaWAN_End_Node.elf
Finished building: default.size.stdout
 
Finished building: LoRaWAN_End_Node.list
 

16:39:59 Build Finished. 0 errors, 0 warnings. (took 2s.524ms)

